ARM GAS  C:\Users\LASERC~1\AppData\Local\Temp\ccaGaPJF.s 			page 1


   1              		.syntax unified
   2              		.cpu cortex-m0
   3              		.fpu softvfp
   4              		.eabi_attribute 20, 1
   5              		.eabi_attribute 21, 1
   6              		.eabi_attribute 23, 3
   7              		.eabi_attribute 24, 1
   8              		.eabi_attribute 25, 1
   9              		.eabi_attribute 26, 1
  10              		.eabi_attribute 30, 1
  11              		.eabi_attribute 34, 0
  12              		.eabi_attribute 18, 4
  13              		.thumb
  14              		.syntax unified
  15              		.file	"cyfitter_cfg.c"
  16              		.text
  17              	.Ltext0:
  18              		.cfi_sections	.debug_frame
  19              		.section	.text.CYMEMZERO,"ax",%progbits
  20              		.align	2
  21              		.code	16
  22              		.thumb_func
  23              		.type	CYMEMZERO, %function
  24              	CYMEMZERO:
  25              	.LFB2:
  26              		.file 1 "Generated_Source\\PSoC4\\cyfitter_cfg.c"
   1:Generated_Source\PSoC4/cyfitter_cfg.c **** 
   2:Generated_Source\PSoC4/cyfitter_cfg.c **** /*******************************************************************************
   3:Generated_Source\PSoC4/cyfitter_cfg.c **** * File Name: cyfitter_cfg.c
   4:Generated_Source\PSoC4/cyfitter_cfg.c **** * 
   5:Generated_Source\PSoC4/cyfitter_cfg.c **** * PSoC Creator  4.2
   6:Generated_Source\PSoC4/cyfitter_cfg.c **** *
   7:Generated_Source\PSoC4/cyfitter_cfg.c **** * Description:
   8:Generated_Source\PSoC4/cyfitter_cfg.c **** * This file contains device initialization code.
   9:Generated_Source\PSoC4/cyfitter_cfg.c **** * Except for the user defined sections in CyClockStartupError(), this file should not be modified.
  10:Generated_Source\PSoC4/cyfitter_cfg.c **** * This file is automatically generated by PSoC Creator.
  11:Generated_Source\PSoC4/cyfitter_cfg.c **** *
  12:Generated_Source\PSoC4/cyfitter_cfg.c **** ********************************************************************************
  13:Generated_Source\PSoC4/cyfitter_cfg.c **** * Copyright (c) 2007-2018 Cypress Semiconductor.  All rights reserved.
  14:Generated_Source\PSoC4/cyfitter_cfg.c **** * You may use this file only in accordance with the license, terms, conditions, 
  15:Generated_Source\PSoC4/cyfitter_cfg.c **** * disclaimers, and limitations in the end user license agreement accompanying 
  16:Generated_Source\PSoC4/cyfitter_cfg.c **** * the software package with which this file was provided.
  17:Generated_Source\PSoC4/cyfitter_cfg.c **** ********************************************************************************/
  18:Generated_Source\PSoC4/cyfitter_cfg.c **** 
  19:Generated_Source\PSoC4/cyfitter_cfg.c **** #include <string.h>
  20:Generated_Source\PSoC4/cyfitter_cfg.c **** #include "cytypes.h"
  21:Generated_Source\PSoC4/cyfitter_cfg.c **** #include "cydevice_trm.h"
  22:Generated_Source\PSoC4/cyfitter_cfg.c **** #include "cyfitter.h"
  23:Generated_Source\PSoC4/cyfitter_cfg.c **** #include "CyLib.h"
  24:Generated_Source\PSoC4/cyfitter_cfg.c **** #include "cyfitter_cfg.h"
  25:Generated_Source\PSoC4/cyfitter_cfg.c **** #include "cyapicallbacks.h"
  26:Generated_Source\PSoC4/cyfitter_cfg.c **** 
  27:Generated_Source\PSoC4/cyfitter_cfg.c **** 
  28:Generated_Source\PSoC4/cyfitter_cfg.c **** #if defined(__GNUC__) || defined(__ARMCC_VERSION)
  29:Generated_Source\PSoC4/cyfitter_cfg.c ****     #define CYPACKED 
  30:Generated_Source\PSoC4/cyfitter_cfg.c ****     #define CYPACKED_ATTR __attribute__ ((packed))
  31:Generated_Source\PSoC4/cyfitter_cfg.c ****     #define CYALIGNED __attribute__ ((aligned))
ARM GAS  C:\Users\LASERC~1\AppData\Local\Temp\ccaGaPJF.s 			page 2


  32:Generated_Source\PSoC4/cyfitter_cfg.c ****     #define CY_CFG_UNUSED __attribute__ ((unused))
  33:Generated_Source\PSoC4/cyfitter_cfg.c ****     #ifndef CY_CFG_SECTION
  34:Generated_Source\PSoC4/cyfitter_cfg.c ****         #define CY_CFG_SECTION __attribute__ ((section(".psocinit")))
  35:Generated_Source\PSoC4/cyfitter_cfg.c ****     #endif
  36:Generated_Source\PSoC4/cyfitter_cfg.c ****     
  37:Generated_Source\PSoC4/cyfitter_cfg.c ****     #if defined(__ARMCC_VERSION)
  38:Generated_Source\PSoC4/cyfitter_cfg.c ****         #define CY_CFG_MEMORY_BARRIER() __memory_changed()
  39:Generated_Source\PSoC4/cyfitter_cfg.c ****     #else
  40:Generated_Source\PSoC4/cyfitter_cfg.c ****         #define CY_CFG_MEMORY_BARRIER() __sync_synchronize()
  41:Generated_Source\PSoC4/cyfitter_cfg.c ****     #endif
  42:Generated_Source\PSoC4/cyfitter_cfg.c ****     
  43:Generated_Source\PSoC4/cyfitter_cfg.c **** #elif defined(__ICCARM__)
  44:Generated_Source\PSoC4/cyfitter_cfg.c ****     #include <intrinsics.h>
  45:Generated_Source\PSoC4/cyfitter_cfg.c **** 
  46:Generated_Source\PSoC4/cyfitter_cfg.c ****     #define CYPACKED __packed
  47:Generated_Source\PSoC4/cyfitter_cfg.c ****     #define CYPACKED_ATTR 
  48:Generated_Source\PSoC4/cyfitter_cfg.c ****     #define CYALIGNED _Pragma("data_alignment=4")
  49:Generated_Source\PSoC4/cyfitter_cfg.c ****     #define CY_CFG_UNUSED _Pragma("diag_suppress=Pe177")
  50:Generated_Source\PSoC4/cyfitter_cfg.c ****     #define CY_CFG_SECTION _Pragma("location=\".psocinit\"")
  51:Generated_Source\PSoC4/cyfitter_cfg.c ****     
  52:Generated_Source\PSoC4/cyfitter_cfg.c ****     #define CY_CFG_MEMORY_BARRIER() __DMB()
  53:Generated_Source\PSoC4/cyfitter_cfg.c ****     
  54:Generated_Source\PSoC4/cyfitter_cfg.c **** #else
  55:Generated_Source\PSoC4/cyfitter_cfg.c ****     #error Unsupported toolchain
  56:Generated_Source\PSoC4/cyfitter_cfg.c **** #endif
  57:Generated_Source\PSoC4/cyfitter_cfg.c **** 
  58:Generated_Source\PSoC4/cyfitter_cfg.c **** #ifndef CYCODE
  59:Generated_Source\PSoC4/cyfitter_cfg.c ****     #define CYCODE
  60:Generated_Source\PSoC4/cyfitter_cfg.c **** #endif
  61:Generated_Source\PSoC4/cyfitter_cfg.c **** #ifndef CYDATA
  62:Generated_Source\PSoC4/cyfitter_cfg.c ****     #define CYDATA
  63:Generated_Source\PSoC4/cyfitter_cfg.c **** #endif
  64:Generated_Source\PSoC4/cyfitter_cfg.c **** #ifndef CYFAR
  65:Generated_Source\PSoC4/cyfitter_cfg.c ****     #define CYFAR
  66:Generated_Source\PSoC4/cyfitter_cfg.c **** #endif
  67:Generated_Source\PSoC4/cyfitter_cfg.c **** #ifndef CYXDATA
  68:Generated_Source\PSoC4/cyfitter_cfg.c ****     #define CYXDATA
  69:Generated_Source\PSoC4/cyfitter_cfg.c **** #endif
  70:Generated_Source\PSoC4/cyfitter_cfg.c **** 
  71:Generated_Source\PSoC4/cyfitter_cfg.c **** 
  72:Generated_Source\PSoC4/cyfitter_cfg.c **** CY_CFG_UNUSED
  73:Generated_Source\PSoC4/cyfitter_cfg.c **** static void CYMEMZERO(void *s, size_t n);
  74:Generated_Source\PSoC4/cyfitter_cfg.c **** CY_CFG_UNUSED
  75:Generated_Source\PSoC4/cyfitter_cfg.c **** static void CYMEMZERO(void *s, size_t n)
  76:Generated_Source\PSoC4/cyfitter_cfg.c **** {
  27              		.loc 1 76 0
  28              		.cfi_startproc
  29              		@ args = 0, pretend = 0, frame = 0
  30              		@ frame_needed = 0, uses_anonymous_args = 0
  31              	.LVL0:
  32 0000 10B5     		push	{r4, lr}
  33              		.cfi_def_cfa_offset 8
  34              		.cfi_offset 4, -8
  35              		.cfi_offset 14, -4
  36 0002 0A00     		movs	r2, r1
  77:Generated_Source\PSoC4/cyfitter_cfg.c **** 	(void)memset(s, 0, n);
  37              		.loc 1 77 0
ARM GAS  C:\Users\LASERC~1\AppData\Local\Temp\ccaGaPJF.s 			page 3


  38 0004 0021     		movs	r1, #0
  39              	.LVL1:
  40 0006 FFF7FEFF 		bl	memset
  41              	.LVL2:
  78:Generated_Source\PSoC4/cyfitter_cfg.c **** }
  42              		.loc 1 78 0
  43              		@ sp needed
  44 000a 10BD     		pop	{r4, pc}
  45              		.cfi_endproc
  46              	.LFE2:
  47              		.size	CYMEMZERO, .-CYMEMZERO
  48              		.section	.psocinit,"ax",%progbits
  49              		.align	2
  50              		.code	16
  51              		.thumb_func
  52              		.type	ClockSetup, %function
  53              	ClockSetup:
  54              	.LFB5:
  79:Generated_Source\PSoC4/cyfitter_cfg.c **** CY_CFG_UNUSED
  80:Generated_Source\PSoC4/cyfitter_cfg.c **** static void CYCONFIGCPY(void *dest, const void *src, size_t n);
  81:Generated_Source\PSoC4/cyfitter_cfg.c **** CY_CFG_UNUSED
  82:Generated_Source\PSoC4/cyfitter_cfg.c **** static void CYCONFIGCPY(void *dest, const void *src, size_t n)
  83:Generated_Source\PSoC4/cyfitter_cfg.c **** {
  84:Generated_Source\PSoC4/cyfitter_cfg.c **** 	(void)memcpy(dest, src, n);
  85:Generated_Source\PSoC4/cyfitter_cfg.c **** }
  86:Generated_Source\PSoC4/cyfitter_cfg.c **** CY_CFG_UNUSED
  87:Generated_Source\PSoC4/cyfitter_cfg.c **** static void CYCONFIGCPYCODE(void *dest, const void *src, size_t n);
  88:Generated_Source\PSoC4/cyfitter_cfg.c **** CY_CFG_UNUSED
  89:Generated_Source\PSoC4/cyfitter_cfg.c **** static void CYCONFIGCPYCODE(void *dest, const void *src, size_t n)
  90:Generated_Source\PSoC4/cyfitter_cfg.c **** {
  91:Generated_Source\PSoC4/cyfitter_cfg.c **** 	(void)memcpy(dest, src, n);
  92:Generated_Source\PSoC4/cyfitter_cfg.c **** }
  93:Generated_Source\PSoC4/cyfitter_cfg.c **** 
  94:Generated_Source\PSoC4/cyfitter_cfg.c **** 
  95:Generated_Source\PSoC4/cyfitter_cfg.c **** 
  96:Generated_Source\PSoC4/cyfitter_cfg.c **** 
  97:Generated_Source\PSoC4/cyfitter_cfg.c **** /* Clock startup error codes                                                   */
  98:Generated_Source\PSoC4/cyfitter_cfg.c **** #define CYCLOCKSTART_NO_ERROR    0u
  99:Generated_Source\PSoC4/cyfitter_cfg.c **** #define CYCLOCKSTART_XTAL_ERROR  1u
 100:Generated_Source\PSoC4/cyfitter_cfg.c **** #define CYCLOCKSTART_32KHZ_ERROR 2u
 101:Generated_Source\PSoC4/cyfitter_cfg.c **** #define CYCLOCKSTART_PLL_ERROR   3u
 102:Generated_Source\PSoC4/cyfitter_cfg.c **** #define CYCLOCKSTART_FLL_ERROR   4u
 103:Generated_Source\PSoC4/cyfitter_cfg.c **** #define CYCLOCKSTART_WCO_ERROR   5u
 104:Generated_Source\PSoC4/cyfitter_cfg.c **** 
 105:Generated_Source\PSoC4/cyfitter_cfg.c **** 
 106:Generated_Source\PSoC4/cyfitter_cfg.c **** #ifdef CY_NEED_CYCLOCKSTARTUPERROR
 107:Generated_Source\PSoC4/cyfitter_cfg.c **** /*******************************************************************************
 108:Generated_Source\PSoC4/cyfitter_cfg.c **** * Function Name: CyClockStartupError
 109:Generated_Source\PSoC4/cyfitter_cfg.c **** ********************************************************************************
 110:Generated_Source\PSoC4/cyfitter_cfg.c **** * Summary:
 111:Generated_Source\PSoC4/cyfitter_cfg.c **** *  If an error is encountered during clock configuration (crystal startup error,
 112:Generated_Source\PSoC4/cyfitter_cfg.c **** *  PLL lock error, etc.), the system will end up here.  Unless reimplemented by
 113:Generated_Source\PSoC4/cyfitter_cfg.c **** *  the customer, this function will stop in an infinite loop.
 114:Generated_Source\PSoC4/cyfitter_cfg.c **** *
 115:Generated_Source\PSoC4/cyfitter_cfg.c **** * Parameters:
 116:Generated_Source\PSoC4/cyfitter_cfg.c **** *   void
 117:Generated_Source\PSoC4/cyfitter_cfg.c **** *
ARM GAS  C:\Users\LASERC~1\AppData\Local\Temp\ccaGaPJF.s 			page 4


 118:Generated_Source\PSoC4/cyfitter_cfg.c **** * Return:
 119:Generated_Source\PSoC4/cyfitter_cfg.c **** *   void
 120:Generated_Source\PSoC4/cyfitter_cfg.c **** *
 121:Generated_Source\PSoC4/cyfitter_cfg.c **** *******************************************************************************/
 122:Generated_Source\PSoC4/cyfitter_cfg.c **** CY_CFG_UNUSED
 123:Generated_Source\PSoC4/cyfitter_cfg.c **** static void CyClockStartupError(uint8 errorCode);
 124:Generated_Source\PSoC4/cyfitter_cfg.c **** CY_CFG_UNUSED
 125:Generated_Source\PSoC4/cyfitter_cfg.c **** static void CyClockStartupError(uint8 errorCode)
 126:Generated_Source\PSoC4/cyfitter_cfg.c **** {
 127:Generated_Source\PSoC4/cyfitter_cfg.c ****     /* To remove the compiler warning if errorCode not used.                */
 128:Generated_Source\PSoC4/cyfitter_cfg.c ****     errorCode = errorCode;
 129:Generated_Source\PSoC4/cyfitter_cfg.c **** 
 130:Generated_Source\PSoC4/cyfitter_cfg.c ****     /* If we have a clock startup error (bad MHz crystal, PLL lock, etc.),  */
 131:Generated_Source\PSoC4/cyfitter_cfg.c ****     /* we will end up here to allow the customer to implement something to  */
 132:Generated_Source\PSoC4/cyfitter_cfg.c ****     /* deal with the clock condition.                                       */
 133:Generated_Source\PSoC4/cyfitter_cfg.c **** 
 134:Generated_Source\PSoC4/cyfitter_cfg.c **** #ifdef CY_CFG_CLOCK_STARTUP_ERROR_CALLBACK
 135:Generated_Source\PSoC4/cyfitter_cfg.c ****     CY_CFG_Clock_Startup_ErrorCallback();
 136:Generated_Source\PSoC4/cyfitter_cfg.c **** #else
 137:Generated_Source\PSoC4/cyfitter_cfg.c ****     /*  If not using CY_CFG_CLOCK_STARTUP_ERROR_CALLBACK, place your clock startup code here. */
 138:Generated_Source\PSoC4/cyfitter_cfg.c ****     /* `#START CyClockStartupError` */
 139:Generated_Source\PSoC4/cyfitter_cfg.c **** 
 140:Generated_Source\PSoC4/cyfitter_cfg.c **** 
 141:Generated_Source\PSoC4/cyfitter_cfg.c **** 
 142:Generated_Source\PSoC4/cyfitter_cfg.c ****     /* `#END` */
 143:Generated_Source\PSoC4/cyfitter_cfg.c **** 
 144:Generated_Source\PSoC4/cyfitter_cfg.c ****     while(1) {}
 145:Generated_Source\PSoC4/cyfitter_cfg.c **** #endif /* CY_CFG_CLOCK_STARTUP_ERROR_CALLBACK */
 146:Generated_Source\PSoC4/cyfitter_cfg.c **** }
 147:Generated_Source\PSoC4/cyfitter_cfg.c **** #endif
 148:Generated_Source\PSoC4/cyfitter_cfg.c **** 
 149:Generated_Source\PSoC4/cyfitter_cfg.c **** 
 150:Generated_Source\PSoC4/cyfitter_cfg.c **** 
 151:Generated_Source\PSoC4/cyfitter_cfg.c **** /*******************************************************************************
 152:Generated_Source\PSoC4/cyfitter_cfg.c **** * Function Name: ClockSetup
 153:Generated_Source\PSoC4/cyfitter_cfg.c **** ********************************************************************************
 154:Generated_Source\PSoC4/cyfitter_cfg.c **** *
 155:Generated_Source\PSoC4/cyfitter_cfg.c **** * Summary:
 156:Generated_Source\PSoC4/cyfitter_cfg.c **** *   Performs the initialization of all of the clocks in the device based on the
 157:Generated_Source\PSoC4/cyfitter_cfg.c **** *   settings in the Clock tab of the DWR.  This includes enabling the requested
 158:Generated_Source\PSoC4/cyfitter_cfg.c **** *   clocks and setting the necessary dividers to produce the desired frequency. 
 159:Generated_Source\PSoC4/cyfitter_cfg.c **** *
 160:Generated_Source\PSoC4/cyfitter_cfg.c **** * Parameters:
 161:Generated_Source\PSoC4/cyfitter_cfg.c **** *   void
 162:Generated_Source\PSoC4/cyfitter_cfg.c **** *
 163:Generated_Source\PSoC4/cyfitter_cfg.c **** * Return:
 164:Generated_Source\PSoC4/cyfitter_cfg.c **** *   void
 165:Generated_Source\PSoC4/cyfitter_cfg.c **** *
 166:Generated_Source\PSoC4/cyfitter_cfg.c **** *******************************************************************************/
 167:Generated_Source\PSoC4/cyfitter_cfg.c **** static void ClockSetup(void);
 168:Generated_Source\PSoC4/cyfitter_cfg.c **** CY_CFG_SECTION
 169:Generated_Source\PSoC4/cyfitter_cfg.c **** static void ClockSetup(void)
 170:Generated_Source\PSoC4/cyfitter_cfg.c **** {
  55              		.loc 1 170 0
  56              		.cfi_startproc
  57              		@ args = 0, pretend = 0, frame = 0
  58              		@ frame_needed = 0, uses_anonymous_args = 0
ARM GAS  C:\Users\LASERC~1\AppData\Local\Temp\ccaGaPJF.s 			page 5


  59 0000 70B5     		push	{r4, r5, r6, lr}
  60              		.cfi_def_cfa_offset 16
  61              		.cfi_offset 4, -16
  62              		.cfi_offset 5, -12
  63              		.cfi_offset 6, -8
  64              		.cfi_offset 14, -4
 171:Generated_Source\PSoC4/cyfitter_cfg.c **** 
 172:Generated_Source\PSoC4/cyfitter_cfg.c **** 	/* Set Flash Cycles based on max possible frequency in case a glitch occurs during ClockSetup(). *
 173:Generated_Source\PSoC4/cyfitter_cfg.c **** 	CY_SET_REG32((void CYXDATA *)(CYREG_CPUSS_FLASH_CTL), (0x0012u));
  65              		.loc 1 173 0
  66 0002 1222     		movs	r2, #18
  67 0004 224B     		ldr	r3, .L3
  68 0006 1A60     		str	r2, [r3]
 174:Generated_Source\PSoC4/cyfitter_cfg.c **** 
 175:Generated_Source\PSoC4/cyfitter_cfg.c **** 	/* Start the WCO */
 176:Generated_Source\PSoC4/cyfitter_cfg.c **** 	CySysClkWcoStart();
  69              		.loc 1 176 0
  70 0008 FFF7FEFF 		bl	CySysClkWcoStart
  71              	.LVL3:
 177:Generated_Source\PSoC4/cyfitter_cfg.c **** 	CyDelayCycles(12000000u); /* WCO may take up to 500ms to start */
  72              		.loc 1 177 0
  73 000c 2148     		ldr	r0, .L3+4
  74 000e FFF7FEFF 		bl	CyDelayCycles
  75              	.LVL4:
 178:Generated_Source\PSoC4/cyfitter_cfg.c **** 	(void)CySysClkWcoSetPowerMode(CY_SYS_CLK_WCO_LPM);    /* Switch to the low power mode */
  76              		.loc 1 178 0
  77 0012 0120     		movs	r0, #1
  78 0014 FFF7FEFF 		bl	CySysClkWcoSetPowerMode
  79              	.LVL5:
 179:Generated_Source\PSoC4/cyfitter_cfg.c **** 
 180:Generated_Source\PSoC4/cyfitter_cfg.c **** 	/* Setup and trim IMO based on desired frequency. */
 181:Generated_Source\PSoC4/cyfitter_cfg.c **** 	CySysClkWriteImoFreq(48u);
  80              		.loc 1 181 0
  81 0018 3020     		movs	r0, #48
  82 001a FFF7FEFF 		bl	CySysClkWriteImoFreq
  83              	.LVL6:
 182:Generated_Source\PSoC4/cyfitter_cfg.c **** 	/* CYDEV_WDT_CONFIG Starting address: CYDEV_WDT_CONFIG */
 183:Generated_Source\PSoC4/cyfitter_cfg.c **** 	CY_SET_REG32((void *)(CYREG_WDT_CONFIG), 0x40000000u);
  84              		.loc 1 183 0
  85 001e 1E4C     		ldr	r4, .L3+8
  86 0020 8025     		movs	r5, #128
  87 0022 ED05     		lsls	r5, r5, #23
  88 0024 2560     		str	r5, [r4]
 184:Generated_Source\PSoC4/cyfitter_cfg.c **** 
 185:Generated_Source\PSoC4/cyfitter_cfg.c **** 
 186:Generated_Source\PSoC4/cyfitter_cfg.c **** 	/* Enable fast start mode for XO */
 187:Generated_Source\PSoC4/cyfitter_cfg.c **** 	CY_SET_REG32((void*)CYREG_BLE_BLERD_BB_XO, CY_GET_REG32((void*)CYREG_BLE_BLERD_BB_XO) | (uint32)0x
  89              		.loc 1 187 0
  90 0026 1D4A     		ldr	r2, .L3+12
  91 0028 1168     		ldr	r1, [r2]
  92 002a 0223     		movs	r3, #2
  93 002c 0B43     		orrs	r3, r1
  94 002e 1360     		str	r3, [r2]
 188:Generated_Source\PSoC4/cyfitter_cfg.c **** 	CY_SET_REG32((void *)(CYREG_BLE_BLERD_BB_XO_CAPTRIM), 0x00006666u);
  95              		.loc 1 188 0
  96 0030 1B4A     		ldr	r2, .L3+16
  97 0032 1C4B     		ldr	r3, .L3+20
ARM GAS  C:\Users\LASERC~1\AppData\Local\Temp\ccaGaPJF.s 			page 6


  98 0034 1A60     		str	r2, [r3]
 189:Generated_Source\PSoC4/cyfitter_cfg.c **** 	/*Set XTAL(ECO) divider*/
 190:Generated_Source\PSoC4/cyfitter_cfg.c **** 	CY_SET_REG32((void *)(CYREG_BLE_BLESS_XTAL_CLK_DIV_CONFIG), 0x00000000u);
  99              		.loc 1 190 0
 100 0036 0022     		movs	r2, #0
 101 0038 1B4B     		ldr	r3, .L3+24
 102 003a 1A60     		str	r2, [r3]
 191:Generated_Source\PSoC4/cyfitter_cfg.c **** 	/* Disable Crystal Stable Interrupt before enabling ECO */
 192:Generated_Source\PSoC4/cyfitter_cfg.c **** 	CY_SET_REG32((void*)CYREG_BLE_BLESS_LL_DSM_CTRL, CY_GET_REG32((void*)CYREG_BLE_BLESS_LL_DSM_CTRL) 
 103              		.loc 1 192 0
 104 003c 1B4A     		ldr	r2, .L3+28
 105 003e 1368     		ldr	r3, [r2]
 106 0040 0821     		movs	r1, #8
 107 0042 8B43     		bics	r3, r1
 108 0044 1360     		str	r3, [r2]
 193:Generated_Source\PSoC4/cyfitter_cfg.c **** 	/* Start the ECO and do not check status since it is not needed for HFCLK */
 194:Generated_Source\PSoC4/cyfitter_cfg.c **** 	(void)CySysClkEcoStart(2000u);
 109              		.loc 1 194 0
 110 0046 FA20     		movs	r0, #250
 111 0048 C000     		lsls	r0, r0, #3
 112 004a FFF7FEFF 		bl	CySysClkEcoStart
 113              	.LVL7:
 195:Generated_Source\PSoC4/cyfitter_cfg.c **** 	CyDelayUs(1500u); /* Wait to stabilize */
 114              		.loc 1 195 0
 115 004e 1848     		ldr	r0, .L3+32
 116 0050 FFF7FEFF 		bl	CyDelayUs
 117              	.LVL8:
 196:Generated_Source\PSoC4/cyfitter_cfg.c **** 
 197:Generated_Source\PSoC4/cyfitter_cfg.c **** 	/* Setup phase aligned clocks */
 198:Generated_Source\PSoC4/cyfitter_cfg.c **** 	CY_SET_REG32((void *)CYREG_PERI_DIV_16_CTL0, 0x00000400u);
 118              		.loc 1 198 0
 119 0054 8022     		movs	r2, #128
 120 0056 D200     		lsls	r2, r2, #3
 121 0058 164B     		ldr	r3, .L3+36
 122 005a 1A60     		str	r2, [r3]
 199:Generated_Source\PSoC4/cyfitter_cfg.c **** 	CY_SET_REG32((void *)CYREG_PERI_DIV_CMD, 0x8000FF40u);
 123              		.loc 1 199 0
 124 005c 164B     		ldr	r3, .L3+40
 125 005e 174A     		ldr	r2, .L3+44
 126 0060 1A60     		str	r2, [r3]
 200:Generated_Source\PSoC4/cyfitter_cfg.c **** 	CY_SET_REG32((void *)CYREG_PERI_DIV_16_CTL1, 0x00001900u);
 127              		.loc 1 200 0
 128 0062 C821     		movs	r1, #200
 129 0064 4901     		lsls	r1, r1, #5
 130 0066 164A     		ldr	r2, .L3+48
 131 0068 1160     		str	r1, [r2]
 201:Generated_Source\PSoC4/cyfitter_cfg.c **** 	CY_SET_REG32((void *)CYREG_PERI_DIV_CMD, 0x8000FF41u);
 132              		.loc 1 201 0
 133 006a 164A     		ldr	r2, .L3+52
 134 006c 1A60     		str	r2, [r3]
 202:Generated_Source\PSoC4/cyfitter_cfg.c **** 
 203:Generated_Source\PSoC4/cyfitter_cfg.c **** 	/* CYDEV_CLK_IMO_CONFIG Starting address: CYDEV_CLK_IMO_CONFIG */
 204:Generated_Source\PSoC4/cyfitter_cfg.c **** 	CY_SET_REG32((void *)(CYREG_CLK_IMO_CONFIG), 0x82000000u);
 135              		.loc 1 204 0
 136 006e 8222     		movs	r2, #130
 137 0070 1206     		lsls	r2, r2, #24
 138 0072 154B     		ldr	r3, .L3+56
ARM GAS  C:\Users\LASERC~1\AppData\Local\Temp\ccaGaPJF.s 			page 7


 139 0074 1A60     		str	r2, [r3]
 205:Generated_Source\PSoC4/cyfitter_cfg.c **** 
 206:Generated_Source\PSoC4/cyfitter_cfg.c **** 	/* CYDEV_CLK_SELECT Starting address: CYDEV_CLK_SELECT */
 207:Generated_Source\PSoC4/cyfitter_cfg.c **** 	CY_SET_REG32((void *)(CYREG_CLK_SELECT), 0x00040000u);
 140              		.loc 1 207 0
 141 0076 8022     		movs	r2, #128
 142 0078 D202     		lsls	r2, r2, #11
 143 007a 144B     		ldr	r3, .L3+60
 144 007c 1A60     		str	r2, [r3]
 208:Generated_Source\PSoC4/cyfitter_cfg.c **** 
 209:Generated_Source\PSoC4/cyfitter_cfg.c **** 	/* CYDEV_PERI_PCLK_CTL6 Starting address: CYDEV_PERI_PCLK_CTL6 */
 210:Generated_Source\PSoC4/cyfitter_cfg.c **** 	CY_SET_REG32((void *)(CYREG_PERI_PCLK_CTL6), 0x00000040u);
 145              		.loc 1 210 0
 146 007e 4022     		movs	r2, #64
 147 0080 134B     		ldr	r3, .L3+64
 148 0082 1A60     		str	r2, [r3]
 211:Generated_Source\PSoC4/cyfitter_cfg.c **** 
 212:Generated_Source\PSoC4/cyfitter_cfg.c **** 	/* CYDEV_PERI_PCLK_CTL1 Starting address: CYDEV_PERI_PCLK_CTL1 */
 213:Generated_Source\PSoC4/cyfitter_cfg.c **** 	CY_SET_REG32((void *)(CYREG_PERI_PCLK_CTL1), 0x00000041u);
 149              		.loc 1 213 0
 150 0084 0132     		adds	r2, r2, #1
 151 0086 134B     		ldr	r3, .L3+68
 152 0088 1A60     		str	r2, [r3]
 214:Generated_Source\PSoC4/cyfitter_cfg.c **** 
 215:Generated_Source\PSoC4/cyfitter_cfg.c **** 	CY_SET_REG32((void *)(CYREG_WDT_CONFIG), 0x40000000u);
 153              		.loc 1 215 0
 154 008a 2560     		str	r5, [r4]
 216:Generated_Source\PSoC4/cyfitter_cfg.c **** }
 155              		.loc 1 216 0
 156              		@ sp needed
 157 008c 70BD     		pop	{r4, r5, r6, pc}
 158              	.L4:
 159 008e C046     		.align	2
 160              	.L3:
 161 0090 30001040 		.word	1074790448
 162 0094 001BB700 		.word	12000000
 163 0098 0C020B40 		.word	1074463244
 164 009c 78002E40 		.word	1076756600
 165 00a0 66660000 		.word	26214
 166 00a4 7C002E40 		.word	1076756604
 167 00a8 64F02E40 		.word	1076818020
 168 00ac 6CF02E40 		.word	1076818028
 169 00b0 DC050000 		.word	1500
 170 00b4 00030140 		.word	1073808128
 171 00b8 00000140 		.word	1073807360
 172 00bc 40FF0080 		.word	-2147418304
 173 00c0 04030140 		.word	1073808132
 174 00c4 41FF0080 		.word	-2147418303
 175 00c8 08010B40 		.word	1074462984
 176 00cc 00010B40 		.word	1074462976
 177 00d0 18010140 		.word	1073807640
 178 00d4 04010140 		.word	1073807620
 179              		.cfi_endproc
 180              	.LFE5:
 181              		.size	ClockSetup, .-ClockSetup
 182              		.section	.text.SetAnalogRoutingPumps,"ax",%progbits
 183              		.align	2
ARM GAS  C:\Users\LASERC~1\AppData\Local\Temp\ccaGaPJF.s 			page 8


 184              		.global	SetAnalogRoutingPumps
 185              		.code	16
 186              		.thumb_func
 187              		.type	SetAnalogRoutingPumps, %function
 188              	SetAnalogRoutingPumps:
 189              	.LFB7:
 217:Generated_Source\PSoC4/cyfitter_cfg.c **** 
 218:Generated_Source\PSoC4/cyfitter_cfg.c **** 
 219:Generated_Source\PSoC4/cyfitter_cfg.c **** /* Analog API Functions */
 220:Generated_Source\PSoC4/cyfitter_cfg.c **** 
 221:Generated_Source\PSoC4/cyfitter_cfg.c **** 
 222:Generated_Source\PSoC4/cyfitter_cfg.c **** /*******************************************************************************
 223:Generated_Source\PSoC4/cyfitter_cfg.c **** * Function Name: AnalogSetDefault
 224:Generated_Source\PSoC4/cyfitter_cfg.c **** ********************************************************************************
 225:Generated_Source\PSoC4/cyfitter_cfg.c **** *
 226:Generated_Source\PSoC4/cyfitter_cfg.c **** * Summary:
 227:Generated_Source\PSoC4/cyfitter_cfg.c **** *  Sets up the analog portions of the chip to default values based on chip
 228:Generated_Source\PSoC4/cyfitter_cfg.c **** *  configuration options from the project.
 229:Generated_Source\PSoC4/cyfitter_cfg.c **** *
 230:Generated_Source\PSoC4/cyfitter_cfg.c **** * Parameters:
 231:Generated_Source\PSoC4/cyfitter_cfg.c **** *  void
 232:Generated_Source\PSoC4/cyfitter_cfg.c **** *
 233:Generated_Source\PSoC4/cyfitter_cfg.c **** * Return:
 234:Generated_Source\PSoC4/cyfitter_cfg.c **** *  void
 235:Generated_Source\PSoC4/cyfitter_cfg.c **** *
 236:Generated_Source\PSoC4/cyfitter_cfg.c **** *******************************************************************************/
 237:Generated_Source\PSoC4/cyfitter_cfg.c **** static void AnalogSetDefault(void);
 238:Generated_Source\PSoC4/cyfitter_cfg.c **** static void AnalogSetDefault(void)
 239:Generated_Source\PSoC4/cyfitter_cfg.c **** {
 240:Generated_Source\PSoC4/cyfitter_cfg.c **** 	CY_SET_XTND_REG32((void CYFAR *)CYREG_CTBM0_DFT_CTRL, 0x00000003u);
 241:Generated_Source\PSoC4/cyfitter_cfg.c **** 	CY_SET_XTND_REG32((void CYFAR *)CYREG_CTBM1_DFT_CTRL, 0x00000003u);
 242:Generated_Source\PSoC4/cyfitter_cfg.c **** 	CY_SET_XTND_REG32((void CYFAR *)CYREG_SAR_CTRL, 0x80000000u);
 243:Generated_Source\PSoC4/cyfitter_cfg.c **** 	CY_SET_XTND_REG32((void CYFAR *)CYREG_SAR_MUX_SWITCH0, 0x00000002u);
 244:Generated_Source\PSoC4/cyfitter_cfg.c **** 	CY_SET_XTND_REG32((void CYFAR *)CYREG_PASS_DSAB_DSAB_CTRL, 0x00000000u);
 245:Generated_Source\PSoC4/cyfitter_cfg.c **** 	SetAnalogRoutingPumps(1);
 246:Generated_Source\PSoC4/cyfitter_cfg.c **** }
 247:Generated_Source\PSoC4/cyfitter_cfg.c **** 
 248:Generated_Source\PSoC4/cyfitter_cfg.c **** 
 249:Generated_Source\PSoC4/cyfitter_cfg.c **** /*******************************************************************************
 250:Generated_Source\PSoC4/cyfitter_cfg.c **** * Function Name: SetAnalogRoutingPumps
 251:Generated_Source\PSoC4/cyfitter_cfg.c **** ********************************************************************************
 252:Generated_Source\PSoC4/cyfitter_cfg.c **** *
 253:Generated_Source\PSoC4/cyfitter_cfg.c **** * Summary:
 254:Generated_Source\PSoC4/cyfitter_cfg.c **** * Enables or disables the analog pumps feeding analog routing switches.
 255:Generated_Source\PSoC4/cyfitter_cfg.c **** * Intended to be called at startup, based on the Vdda system configuration;
 256:Generated_Source\PSoC4/cyfitter_cfg.c **** * may be called during operation when the user informs us that the Vdda voltage crossed the pump th
 257:Generated_Source\PSoC4/cyfitter_cfg.c **** *
 258:Generated_Source\PSoC4/cyfitter_cfg.c **** * Parameters:
 259:Generated_Source\PSoC4/cyfitter_cfg.c **** *  enabled - 1 to enable the pumps, 0 to disable the pumps
 260:Generated_Source\PSoC4/cyfitter_cfg.c **** *
 261:Generated_Source\PSoC4/cyfitter_cfg.c **** * Return:
 262:Generated_Source\PSoC4/cyfitter_cfg.c **** *  void
 263:Generated_Source\PSoC4/cyfitter_cfg.c **** *
 264:Generated_Source\PSoC4/cyfitter_cfg.c **** *******************************************************************************/
 265:Generated_Source\PSoC4/cyfitter_cfg.c **** void SetAnalogRoutingPumps(uint8 enabled)
 266:Generated_Source\PSoC4/cyfitter_cfg.c **** {
 190              		.loc 1 266 0
ARM GAS  C:\Users\LASERC~1\AppData\Local\Temp\ccaGaPJF.s 			page 9


 191              		.cfi_startproc
 192              		@ args = 0, pretend = 0, frame = 0
 193              		@ frame_needed = 0, uses_anonymous_args = 0
 194              		@ link register save eliminated.
 195              	.LVL9:
 267:Generated_Source\PSoC4/cyfitter_cfg.c **** 	uint32 regValue = CY_GET_XTND_REG32((void *)(CYREG_SAR_PUMP_CTRL));
 196              		.loc 1 267 0
 197 0000 064B     		ldr	r3, .L8
 198 0002 1B68     		ldr	r3, [r3]
 199              	.LVL10:
 268:Generated_Source\PSoC4/cyfitter_cfg.c **** 	if (enabled != 0u)
 200              		.loc 1 268 0
 201 0004 0028     		cmp	r0, #0
 202 0006 03D0     		beq	.L6
 269:Generated_Source\PSoC4/cyfitter_cfg.c **** 	{
 270:Generated_Source\PSoC4/cyfitter_cfg.c **** 		regValue |= 0x80000000u;
 203              		.loc 1 270 0
 204 0008 8022     		movs	r2, #128
 205 000a 1206     		lsls	r2, r2, #24
 206 000c 1343     		orrs	r3, r2
 207              	.LVL11:
 208 000e 01E0     		b	.L7
 209              	.L6:
 271:Generated_Source\PSoC4/cyfitter_cfg.c **** 	}
 272:Generated_Source\PSoC4/cyfitter_cfg.c **** 	else
 273:Generated_Source\PSoC4/cyfitter_cfg.c **** 	{
 274:Generated_Source\PSoC4/cyfitter_cfg.c **** 		regValue &= ~0x80000000u;
 210              		.loc 1 274 0
 211 0010 5B00     		lsls	r3, r3, #1
 212              	.LVL12:
 213 0012 5B08     		lsrs	r3, r3, #1
 214              	.LVL13:
 215              	.L7:
 275:Generated_Source\PSoC4/cyfitter_cfg.c **** 	}
 276:Generated_Source\PSoC4/cyfitter_cfg.c **** 	CY_SET_XTND_REG32((void *)(CYREG_SAR_PUMP_CTRL), regValue);
 216              		.loc 1 276 0
 217 0014 014A     		ldr	r2, .L8
 218 0016 1360     		str	r3, [r2]
 277:Generated_Source\PSoC4/cyfitter_cfg.c **** }
 219              		.loc 1 277 0
 220              		@ sp needed
 221 0018 7047     		bx	lr
 222              	.L9:
 223 001a C046     		.align	2
 224              	.L8:
 225 001c 80033A40 		.word	1077543808
 226              		.cfi_endproc
 227              	.LFE7:
 228              		.size	SetAnalogRoutingPumps, .-SetAnalogRoutingPumps
 229              		.section	.text.AnalogSetDefault,"ax",%progbits
 230              		.align	2
 231              		.code	16
 232              		.thumb_func
 233              		.type	AnalogSetDefault, %function
 234              	AnalogSetDefault:
 235              	.LFB6:
 239:Generated_Source\PSoC4/cyfitter_cfg.c **** 	CY_SET_XTND_REG32((void CYFAR *)CYREG_CTBM0_DFT_CTRL, 0x00000003u);
ARM GAS  C:\Users\LASERC~1\AppData\Local\Temp\ccaGaPJF.s 			page 10


 236              		.loc 1 239 0
 237              		.cfi_startproc
 238              		@ args = 0, pretend = 0, frame = 0
 239              		@ frame_needed = 0, uses_anonymous_args = 0
 240 0000 10B5     		push	{r4, lr}
 241              		.cfi_def_cfa_offset 8
 242              		.cfi_offset 4, -8
 243              		.cfi_offset 14, -4
 240:Generated_Source\PSoC4/cyfitter_cfg.c **** 	CY_SET_XTND_REG32((void CYFAR *)CYREG_CTBM1_DFT_CTRL, 0x00000003u);
 244              		.loc 1 240 0
 245 0002 0323     		movs	r3, #3
 246 0004 084A     		ldr	r2, .L11
 247 0006 1360     		str	r3, [r2]
 241:Generated_Source\PSoC4/cyfitter_cfg.c **** 	CY_SET_XTND_REG32((void CYFAR *)CYREG_SAR_CTRL, 0x80000000u);
 248              		.loc 1 241 0
 249 0008 084A     		ldr	r2, .L11+4
 250 000a 1360     		str	r3, [r2]
 242:Generated_Source\PSoC4/cyfitter_cfg.c **** 	CY_SET_XTND_REG32((void CYFAR *)CYREG_SAR_MUX_SWITCH0, 0x00000002u);
 251              		.loc 1 242 0
 252 000c 8022     		movs	r2, #128
 253 000e 1206     		lsls	r2, r2, #24
 254 0010 074B     		ldr	r3, .L11+8
 255 0012 1A60     		str	r2, [r3]
 243:Generated_Source\PSoC4/cyfitter_cfg.c **** 	CY_SET_XTND_REG32((void CYFAR *)CYREG_PASS_DSAB_DSAB_CTRL, 0x00000000u);
 256              		.loc 1 243 0
 257 0014 0222     		movs	r2, #2
 258 0016 074B     		ldr	r3, .L11+12
 259 0018 1A60     		str	r2, [r3]
 244:Generated_Source\PSoC4/cyfitter_cfg.c **** 	SetAnalogRoutingPumps(1);
 260              		.loc 1 244 0
 261 001a 0022     		movs	r2, #0
 262 001c 064B     		ldr	r3, .L11+16
 263 001e 1A60     		str	r2, [r3]
 245:Generated_Source\PSoC4/cyfitter_cfg.c **** }
 264              		.loc 1 245 0
 265 0020 0120     		movs	r0, #1
 266 0022 FFF7FEFF 		bl	SetAnalogRoutingPumps
 267              	.LVL14:
 246:Generated_Source\PSoC4/cyfitter_cfg.c **** 
 268              		.loc 1 246 0
 269              		@ sp needed
 270 0026 10BD     		pop	{r4, pc}
 271              	.L12:
 272              		.align	2
 273              	.L11:
 274 0028 30003040 		.word	1076887600
 275 002c 30003140 		.word	1076953136
 276 0030 00003A40 		.word	1077542912
 277 0034 00033A40 		.word	1077543680
 278 0038 000E3F40 		.word	1077874176
 279              		.cfi_endproc
 280              	.LFE6:
 281              		.size	AnalogSetDefault, .-AnalogSetDefault
 282              		.section	.psocinit
 283              		.align	2
 284              		.global	cyfitter_cfg
 285              		.code	16
ARM GAS  C:\Users\LASERC~1\AppData\Local\Temp\ccaGaPJF.s 			page 11


 286              		.thumb_func
 287              		.type	cyfitter_cfg, %function
 288              	cyfitter_cfg:
 289              	.LFB8:
 278:Generated_Source\PSoC4/cyfitter_cfg.c **** 
 279:Generated_Source\PSoC4/cyfitter_cfg.c **** 
 280:Generated_Source\PSoC4/cyfitter_cfg.c **** 
 281:Generated_Source\PSoC4/cyfitter_cfg.c **** 
 282:Generated_Source\PSoC4/cyfitter_cfg.c **** /*******************************************************************************
 283:Generated_Source\PSoC4/cyfitter_cfg.c **** * Function Name: cyfitter_cfg
 284:Generated_Source\PSoC4/cyfitter_cfg.c **** ********************************************************************************
 285:Generated_Source\PSoC4/cyfitter_cfg.c **** * Summary:
 286:Generated_Source\PSoC4/cyfitter_cfg.c **** *  This function is called by the start-up code for the selected device. It
 287:Generated_Source\PSoC4/cyfitter_cfg.c **** *  performs all of the necessary device configuration based on the design
 288:Generated_Source\PSoC4/cyfitter_cfg.c **** *  settings.  This includes settings from the Design Wide Resources (DWR) such
 289:Generated_Source\PSoC4/cyfitter_cfg.c **** *  as Clocks and Pins as well as any component configuration that is necessary.
 290:Generated_Source\PSoC4/cyfitter_cfg.c **** *
 291:Generated_Source\PSoC4/cyfitter_cfg.c **** * Parameters:
 292:Generated_Source\PSoC4/cyfitter_cfg.c **** *   void
 293:Generated_Source\PSoC4/cyfitter_cfg.c **** *
 294:Generated_Source\PSoC4/cyfitter_cfg.c **** * Return:
 295:Generated_Source\PSoC4/cyfitter_cfg.c **** *   void
 296:Generated_Source\PSoC4/cyfitter_cfg.c **** *
 297:Generated_Source\PSoC4/cyfitter_cfg.c **** *******************************************************************************/
 298:Generated_Source\PSoC4/cyfitter_cfg.c **** CY_CFG_SECTION
 299:Generated_Source\PSoC4/cyfitter_cfg.c **** void cyfitter_cfg(void)
 300:Generated_Source\PSoC4/cyfitter_cfg.c **** {
 290              		.loc 1 300 0
 291              		.cfi_startproc
 292              		@ args = 0, pretend = 0, frame = 0
 293              		@ frame_needed = 0, uses_anonymous_args = 0
 294 00d8 10B5     		push	{r4, lr}
 295              		.cfi_def_cfa_offset 8
 296              		.cfi_offset 4, -8
 297              		.cfi_offset 14, -4
 301:Generated_Source\PSoC4/cyfitter_cfg.c **** 	/* Disable interrupts by default. Let user enable if/when they want. */
 302:Generated_Source\PSoC4/cyfitter_cfg.c **** 	CyGlobalIntDisable;
 298              		.loc 1 302 0
 299              		.syntax divided
 300              	@ 302 "Generated_Source\PSoC4\cyfitter_cfg.c" 1
 301 00da 72B6     		CPSID   i
 302              	@ 0 "" 2
 303:Generated_Source\PSoC4/cyfitter_cfg.c **** 
 304:Generated_Source\PSoC4/cyfitter_cfg.c **** 	CY_SET_REG32((void *)(CYREG_BLE_BLESS_LL_DSM_CTRL), 0x00000000u);
 303              		.loc 1 304 0
 304              		.thumb
 305              		.syntax unified
 306 00dc 0022     		movs	r2, #0
 307 00de 224B     		ldr	r3, .L16
 308 00e0 1A60     		str	r2, [r3]
 309              	.LVL15:
 310              	.LBB2:
 305:Generated_Source\PSoC4/cyfitter_cfg.c **** 
 306:Generated_Source\PSoC4/cyfitter_cfg.c **** 	{
 307:Generated_Source\PSoC4/cyfitter_cfg.c **** 
 308:Generated_Source\PSoC4/cyfitter_cfg.c **** 		CYPACKED typedef struct {
 309:Generated_Source\PSoC4/cyfitter_cfg.c **** 			void CYFAR *address;
ARM GAS  C:\Users\LASERC~1\AppData\Local\Temp\ccaGaPJF.s 			page 12


 310:Generated_Source\PSoC4/cyfitter_cfg.c **** 			uint16 size;
 311:Generated_Source\PSoC4/cyfitter_cfg.c **** 		} CYPACKED_ATTR cfg_memset_t;
 312:Generated_Source\PSoC4/cyfitter_cfg.c **** 
 313:Generated_Source\PSoC4/cyfitter_cfg.c **** 		static const cfg_memset_t CYCODE cfg_memset_list[] = {
 314:Generated_Source\PSoC4/cyfitter_cfg.c **** 			/* address, size */
 315:Generated_Source\PSoC4/cyfitter_cfg.c **** 			{(void CYFAR *)(CYDEV_UDB_P0_U0_BASE), 1024u},
 316:Generated_Source\PSoC4/cyfitter_cfg.c **** 			{(void CYFAR *)(CYDEV_UDB_DSI0_BASE), 1024u},
 317:Generated_Source\PSoC4/cyfitter_cfg.c **** 		};
 318:Generated_Source\PSoC4/cyfitter_cfg.c **** 
 319:Generated_Source\PSoC4/cyfitter_cfg.c **** 		uint8 CYDATA i;
 320:Generated_Source\PSoC4/cyfitter_cfg.c **** 
 321:Generated_Source\PSoC4/cyfitter_cfg.c **** 		/* Zero out critical memory blocks before beginning configuration */
 322:Generated_Source\PSoC4/cyfitter_cfg.c **** 		for (i = 0u; i < (sizeof(cfg_memset_list)/sizeof(cfg_memset_list[0])); i++)
 311              		.loc 1 322 0
 312 00e2 0024     		movs	r4, #0
 313 00e4 0FE0     		b	.L14
 314              	.LVL16:
 315              	.L15:
 316              	.LBB3:
 323:Generated_Source\PSoC4/cyfitter_cfg.c **** 		{
 324:Generated_Source\PSoC4/cyfitter_cfg.c **** 			const cfg_memset_t CYCODE * CYDATA ms = &cfg_memset_list[i];
 325:Generated_Source\PSoC4/cyfitter_cfg.c **** 			CYMEMZERO(ms->address, (size_t)(uint32)(ms->size));
 317              		.loc 1 325 0 discriminator 3
 318 00e6 2148     		ldr	r0, .L16+4
 319 00e8 6200     		lsls	r2, r4, #1
 320 00ea 1319     		adds	r3, r2, r4
 321 00ec 5900     		lsls	r1, r3, #1
 322 00ee 0B00     		movs	r3, r1
 323 00f0 4118     		adds	r1, r0, r1
 324 00f2 8988     		ldrh	r1, [r1, #4]
 325 00f4 1A5A     		ldrh	r2, [r3, r0]
 326 00f6 C318     		adds	r3, r0, r3
 327 00f8 5888     		ldrh	r0, [r3, #2]
 328 00fa 0004     		lsls	r0, r0, #16
 329 00fc 1043     		orrs	r0, r2
 330 00fe FFF7FEFF 		bl	CYMEMZERO
 331              	.LVL17:
 332              	.LBE3:
 322:Generated_Source\PSoC4/cyfitter_cfg.c **** 		{
 333              		.loc 1 322 0 discriminator 3
 334 0102 0134     		adds	r4, r4, #1
 335              	.LVL18:
 336 0104 E4B2     		uxtb	r4, r4
 337              	.LVL19:
 338              	.L14:
 322:Generated_Source\PSoC4/cyfitter_cfg.c **** 		{
 339              		.loc 1 322 0 is_stmt 0 discriminator 1
 340 0106 012C     		cmp	r4, #1
 341 0108 EDD9     		bls	.L15
 326:Generated_Source\PSoC4/cyfitter_cfg.c **** 		}
 327:Generated_Source\PSoC4/cyfitter_cfg.c **** 
 328:Generated_Source\PSoC4/cyfitter_cfg.c **** 		/* HSIOM Starting address: CYDEV_HSIOM_BASE */
 329:Generated_Source\PSoC4/cyfitter_cfg.c **** 		CY_SET_REG32((void *)(CYDEV_HSIOM_BASE), 0xEE000000u);
 342              		.loc 1 329 0 is_stmt 1
 343 010a EE22     		movs	r2, #238
 344 010c 1206     		lsls	r2, r2, #24
 345 010e 184B     		ldr	r3, .L16+8
ARM GAS  C:\Users\LASERC~1\AppData\Local\Temp\ccaGaPJF.s 			page 13


 346 0110 1A60     		str	r2, [r3]
 330:Generated_Source\PSoC4/cyfitter_cfg.c **** 		CY_SET_REG32((void *)(CYREG_HSIOM_PORT_SEL1), 0x00990000u);
 347              		.loc 1 330 0
 348 0112 9923     		movs	r3, #153
 349 0114 1B04     		lsls	r3, r3, #16
 350 0116 174A     		ldr	r2, .L16+12
 351 0118 1360     		str	r3, [r2]
 331:Generated_Source\PSoC4/cyfitter_cfg.c **** 
 332:Generated_Source\PSoC4/cyfitter_cfg.c **** 		/* UDB_PA_0 Starting address: CYDEV_UDB_PA0_BASE */
 333:Generated_Source\PSoC4/cyfitter_cfg.c **** 		CY_SET_REG32((void *)(CYDEV_UDB_PA0_BASE), 0x00990000u);
 352              		.loc 1 333 0
 353 011a 174A     		ldr	r2, .L16+16
 354 011c 1360     		str	r3, [r2]
 334:Generated_Source\PSoC4/cyfitter_cfg.c **** 
 335:Generated_Source\PSoC4/cyfitter_cfg.c **** 		/* UDB_PA_1 Starting address: CYDEV_UDB_PA1_BASE */
 336:Generated_Source\PSoC4/cyfitter_cfg.c **** 		CY_SET_REG32((void *)(CYDEV_UDB_PA1_BASE), 0x00990000u);
 355              		.loc 1 336 0
 356 011e 174A     		ldr	r2, .L16+20
 357 0120 1360     		str	r3, [r2]
 337:Generated_Source\PSoC4/cyfitter_cfg.c **** 
 338:Generated_Source\PSoC4/cyfitter_cfg.c **** 		/* UDB_PA_3 Starting address: CYDEV_UDB_PA3_BASE */
 339:Generated_Source\PSoC4/cyfitter_cfg.c **** 		CY_SET_REG32((void *)(CYDEV_UDB_PA3_BASE), 0x00990000u);
 358              		.loc 1 339 0
 359 0122 174A     		ldr	r2, .L16+24
 360 0124 1360     		str	r3, [r2]
 340:Generated_Source\PSoC4/cyfitter_cfg.c **** 
 341:Generated_Source\PSoC4/cyfitter_cfg.c **** 		/* Enable digital routing */
 342:Generated_Source\PSoC4/cyfitter_cfg.c **** 		CY_SET_XTND_REG8((void *)CYREG_UDB_UDBIF_BANK_CTL, (uint8)(CY_GET_XTND_REG8((void *)CYREG_UDB_UDB
 361              		.loc 1 342 0
 362 0126 174A     		ldr	r2, .L16+28
 363 0128 1178     		ldrb	r1, [r2]
 364 012a 0623     		movs	r3, #6
 365 012c 0B43     		orrs	r3, r1
 366 012e DBB2     		uxtb	r3, r3
 367 0130 1370     		strb	r3, [r2]
 368              	.LBE2:
 343:Generated_Source\PSoC4/cyfitter_cfg.c **** 	}
 344:Generated_Source\PSoC4/cyfitter_cfg.c **** 
 345:Generated_Source\PSoC4/cyfitter_cfg.c **** 	/* Perform second pass device configuration. These items must be configured in specific order afte
 346:Generated_Source\PSoC4/cyfitter_cfg.c **** 	/* IOPINS0_0 Starting address: CYDEV_GPIO_PRT0_BASE */
 347:Generated_Source\PSoC4/cyfitter_cfg.c **** 	CY_SET_REG32((void *)(CYDEV_GPIO_PRT0_BASE), 0x00000002u);
 369              		.loc 1 347 0
 370 0132 0223     		movs	r3, #2
 371 0134 144A     		ldr	r2, .L16+32
 372 0136 1360     		str	r3, [r2]
 348:Generated_Source\PSoC4/cyfitter_cfg.c **** 	CY_SET_REG32((void *)(CYREG_GPIO_PRT0_PC), 0x00D80010u);
 373              		.loc 1 348 0
 374 0138 1449     		ldr	r1, .L16+36
 375 013a 154A     		ldr	r2, .L16+40
 376 013c 1160     		str	r1, [r2]
 349:Generated_Source\PSoC4/cyfitter_cfg.c **** 	CY_SET_REG32((void *)(CYREG_GPIO_PRT0_INTR_CFG), 0x00000008u);
 377              		.loc 1 349 0
 378 013e 0821     		movs	r1, #8
 379 0140 144A     		ldr	r2, .L16+44
 380 0142 1160     		str	r1, [r2]
 350:Generated_Source\PSoC4/cyfitter_cfg.c **** 
 351:Generated_Source\PSoC4/cyfitter_cfg.c **** 	/* IOPINS0_1 Starting address: CYDEV_GPIO_PRT1_BASE */
ARM GAS  C:\Users\LASERC~1\AppData\Local\Temp\ccaGaPJF.s 			page 14


 352:Generated_Source\PSoC4/cyfitter_cfg.c **** 	CY_SET_REG32((void *)(CYDEV_GPIO_PRT1_BASE), 0x00000020u);
 381              		.loc 1 352 0
 382 0144 2022     		movs	r2, #32
 383 0146 1449     		ldr	r1, .L16+48
 384 0148 0A60     		str	r2, [r1]
 353:Generated_Source\PSoC4/cyfitter_cfg.c **** 	CY_SET_REG32((void *)(CYREG_GPIO_PRT1_PC), 0x00031000u);
 385              		.loc 1 353 0
 386 014a C420     		movs	r0, #196
 387 014c 8002     		lsls	r0, r0, #10
 388 014e 1349     		ldr	r1, .L16+52
 389 0150 0860     		str	r0, [r1]
 354:Generated_Source\PSoC4/cyfitter_cfg.c **** 	CY_SET_REG32((void *)(CYREG_GPIO_PRT1_PC2), 0x00000020u);
 390              		.loc 1 354 0
 391 0152 1349     		ldr	r1, .L16+56
 392 0154 0A60     		str	r2, [r1]
 355:Generated_Source\PSoC4/cyfitter_cfg.c **** 
 356:Generated_Source\PSoC4/cyfitter_cfg.c **** 	/* IOPINS0_3 Starting address: CYDEV_GPIO_PRT3_BASE */
 357:Generated_Source\PSoC4/cyfitter_cfg.c **** 	CY_SET_REG32((void *)(CYDEV_GPIO_PRT3_BASE), 0x00000002u);
 393              		.loc 1 357 0
 394 0156 134A     		ldr	r2, .L16+60
 395 0158 1360     		str	r3, [r2]
 358:Generated_Source\PSoC4/cyfitter_cfg.c **** 	CY_SET_REG32((void *)(CYREG_GPIO_PRT3_PC2), 0x00000002u);
 396              		.loc 1 358 0
 397 015a 134A     		ldr	r2, .L16+64
 398 015c 1360     		str	r3, [r2]
 359:Generated_Source\PSoC4/cyfitter_cfg.c **** 
 360:Generated_Source\PSoC4/cyfitter_cfg.c **** 
 361:Generated_Source\PSoC4/cyfitter_cfg.c **** 	/* Setup clocks based on selections from Clock DWR */
 362:Generated_Source\PSoC4/cyfitter_cfg.c **** 	ClockSetup();
 399              		.loc 1 362 0
 400 015e FFF74FFF 		bl	ClockSetup
 401              	.LVL20:
 363:Generated_Source\PSoC4/cyfitter_cfg.c **** 
 364:Generated_Source\PSoC4/cyfitter_cfg.c **** 	/* Perform basic analog initialization to defaults */
 365:Generated_Source\PSoC4/cyfitter_cfg.c **** 	AnalogSetDefault();
 402              		.loc 1 365 0
 403 0162 FFF7FEFF 		bl	AnalogSetDefault
 404              	.LVL21:
 366:Generated_Source\PSoC4/cyfitter_cfg.c **** 
 367:Generated_Source\PSoC4/cyfitter_cfg.c **** }
 405              		.loc 1 367 0
 406              		@ sp needed
 407              	.LVL22:
 408 0166 10BD     		pop	{r4, pc}
 409              	.L17:
 410              		.align	2
 411              	.L16:
 412 0168 6CF02E40 		.word	1076818028
 413 016c 00000000 		.word	.LANCHOR0
 414 0170 00000240 		.word	1073872896
 415 0174 00010240 		.word	1073873152
 416 0178 00500F40 		.word	1074745344
 417 017c 10500F40 		.word	1074745360
 418 0180 30500F40 		.word	1074745392
 419 0184 00700F40 		.word	1074753536
 420 0188 00000440 		.word	1074003968
 421 018c 1000D800 		.word	14155792
ARM GAS  C:\Users\LASERC~1\AppData\Local\Temp\ccaGaPJF.s 			page 15


 422 0190 08000440 		.word	1074003976
 423 0194 0C000440 		.word	1074003980
 424 0198 00010440 		.word	1074004224
 425 019c 08010440 		.word	1074004232
 426 01a0 18010440 		.word	1074004248
 427 01a4 00030440 		.word	1074004736
 428 01a8 18030440 		.word	1074004760
 429              		.cfi_endproc
 430              	.LFE8:
 431              		.size	cyfitter_cfg, .-cyfitter_cfg
 432              		.section	.rodata
 433              		.align	2
 434              		.set	.LANCHOR0,. + 0
 435              		.type	cfg_memset_list.4890, %object
 436              		.size	cfg_memset_list.4890, 12
 437              	cfg_memset_list.4890:
 438 0000 00300F40 		.word	1074737152
 439 0004 0004     		.short	1024
 440 0006 00400F40 		.4byte	1074741248
 441 000a 0004     		.short	1024
 442              		.text
 443              	.Letext0:
 444              		.file 2 "c:\\program files (x86)\\cypress\\psoc creator\\4.2\\psoc creator\\import\\gnu\\arm\\5.4.
 445              		.file 3 "Generated_Source\\PSoC4\\cytypes.h"
 446              		.file 4 "Generated_Source\\PSoC4\\CyLFClk.h"
 447              		.file 5 "Generated_Source\\PSoC4\\CyLib.h"
 448              		.section	.debug_info,"",%progbits
 449              	.Ldebug_info0:
 450 0000 36030000 		.4byte	0x336
 451 0004 0400     		.2byte	0x4
 452 0006 00000000 		.4byte	.Ldebug_abbrev0
 453 000a 04       		.byte	0x4
 454 000b 01       		.uleb128 0x1
 455 000c 76010000 		.4byte	.LASF37
 456 0010 0C       		.byte	0xc
 457 0011 90020000 		.4byte	.LASF38
 458 0015 9A000000 		.4byte	.LASF39
 459 0019 00000000 		.4byte	.Ldebug_ranges0+0
 460 001d 00000000 		.4byte	0
 461 0021 00000000 		.4byte	.Ldebug_line0
 462 0025 02       		.uleb128 0x2
 463 0026 04       		.byte	0x4
 464 0027 05       		.byte	0x5
 465 0028 696E7400 		.ascii	"int\000"
 466 002c 03       		.uleb128 0x3
 467 002d 14000000 		.4byte	.LASF12
 468 0031 02       		.byte	0x2
 469 0032 D8       		.byte	0xd8
 470 0033 37000000 		.4byte	0x37
 471 0037 04       		.uleb128 0x4
 472 0038 04       		.byte	0x4
 473 0039 07       		.byte	0x7
 474 003a 4A010000 		.4byte	.LASF0
 475 003e 04       		.uleb128 0x4
 476 003f 08       		.byte	0x8
 477 0040 05       		.byte	0x5
 478 0041 1A020000 		.4byte	.LASF1
ARM GAS  C:\Users\LASERC~1\AppData\Local\Temp\ccaGaPJF.s 			page 16


 479 0045 04       		.uleb128 0x4
 480 0046 08       		.byte	0x8
 481 0047 04       		.byte	0x4
 482 0048 78020000 		.4byte	.LASF2
 483 004c 04       		.uleb128 0x4
 484 004d 01       		.byte	0x1
 485 004e 06       		.byte	0x6
 486 004f 84020000 		.4byte	.LASF3
 487 0053 04       		.uleb128 0x4
 488 0054 01       		.byte	0x1
 489 0055 08       		.byte	0x8
 490 0056 13010000 		.4byte	.LASF4
 491 005a 04       		.uleb128 0x4
 492 005b 02       		.byte	0x2
 493 005c 05       		.byte	0x5
 494 005d 50020000 		.4byte	.LASF5
 495 0061 04       		.uleb128 0x4
 496 0062 02       		.byte	0x2
 497 0063 07       		.byte	0x7
 498 0064 47000000 		.4byte	.LASF6
 499 0068 04       		.uleb128 0x4
 500 0069 04       		.byte	0x4
 501 006a 05       		.byte	0x5
 502 006b 6F020000 		.4byte	.LASF7
 503 006f 04       		.uleb128 0x4
 504 0070 04       		.byte	0x4
 505 0071 07       		.byte	0x7
 506 0072 82000000 		.4byte	.LASF8
 507 0076 04       		.uleb128 0x4
 508 0077 08       		.byte	0x8
 509 0078 07       		.byte	0x7
 510 0079 5F010000 		.4byte	.LASF9
 511 007d 04       		.uleb128 0x4
 512 007e 04       		.byte	0x4
 513 007f 07       		.byte	0x7
 514 0080 11020000 		.4byte	.LASF10
 515 0084 05       		.uleb128 0x5
 516 0085 04       		.byte	0x4
 517 0086 04       		.uleb128 0x4
 518 0087 01       		.byte	0x1
 519 0088 08       		.byte	0x8
 520 0089 32020000 		.4byte	.LASF11
 521 008d 06       		.uleb128 0x6
 522 008e 94000000 		.4byte	.LASF13
 523 0092 03       		.byte	0x3
 524 0093 E401     		.2byte	0x1e4
 525 0095 53000000 		.4byte	0x53
 526 0099 06       		.uleb128 0x6
 527 009a 3C010000 		.4byte	.LASF14
 528 009e 03       		.byte	0x3
 529 009f E501     		.2byte	0x1e5
 530 00a1 61000000 		.4byte	0x61
 531 00a5 06       		.uleb128 0x6
 532 00a6 43010000 		.4byte	.LASF15
 533 00aa 03       		.byte	0x3
 534 00ab E601     		.2byte	0x1e6
 535 00ad 6F000000 		.4byte	0x6f
ARM GAS  C:\Users\LASERC~1\AppData\Local\Temp\ccaGaPJF.s 			page 17


 536 00b1 04       		.uleb128 0x4
 537 00b2 04       		.byte	0x4
 538 00b3 04       		.byte	0x4
 539 00b4 5A000000 		.4byte	.LASF16
 540 00b8 04       		.uleb128 0x4
 541 00b9 08       		.byte	0x8
 542 00ba 04       		.byte	0x4
 543 00bb 28010000 		.4byte	.LASF17
 544 00bf 06       		.uleb128 0x6
 545 00c0 7D000000 		.4byte	.LASF18
 546 00c4 03       		.byte	0x3
 547 00c5 8E02     		.2byte	0x28e
 548 00c7 CB000000 		.4byte	0xcb
 549 00cb 07       		.uleb128 0x7
 550 00cc 8D000000 		.4byte	0x8d
 551 00d0 06       		.uleb128 0x6
 552 00d1 0E000000 		.4byte	.LASF19
 553 00d5 03       		.byte	0x3
 554 00d6 9002     		.2byte	0x290
 555 00d8 DC000000 		.4byte	0xdc
 556 00dc 07       		.uleb128 0x7
 557 00dd A5000000 		.4byte	0xa5
 558 00e1 08       		.uleb128 0x8
 559 00e2 F3000000 		.4byte	.LASF20
 560 00e6 01       		.byte	0x1
 561 00e7 4B       		.byte	0x4b
 562 00e8 00000000 		.4byte	.LFB2
 563 00ec 0C000000 		.4byte	.LFE2-.LFB2
 564 00f0 01       		.uleb128 0x1
 565 00f1 9C       		.byte	0x9c
 566 00f2 2E010000 		.4byte	0x12e
 567 00f6 09       		.uleb128 0x9
 568 00f7 7300     		.ascii	"s\000"
 569 00f9 01       		.byte	0x1
 570 00fa 4B       		.byte	0x4b
 571 00fb 84000000 		.4byte	0x84
 572 00ff 00000000 		.4byte	.LLST0
 573 0103 09       		.uleb128 0x9
 574 0104 6E00     		.ascii	"n\000"
 575 0106 01       		.byte	0x1
 576 0107 4B       		.byte	0x4b
 577 0108 2C000000 		.4byte	0x2c
 578 010c 21000000 		.4byte	.LLST1
 579 0110 0A       		.uleb128 0xa
 580 0111 0A000000 		.4byte	.LVL2
 581 0115 EE020000 		.4byte	0x2ee
 582 0119 0B       		.uleb128 0xb
 583 011a 01       		.uleb128 0x1
 584 011b 50       		.byte	0x50
 585 011c 03       		.uleb128 0x3
 586 011d F3       		.byte	0xf3
 587 011e 01       		.uleb128 0x1
 588 011f 50       		.byte	0x50
 589 0120 0B       		.uleb128 0xb
 590 0121 01       		.uleb128 0x1
 591 0122 51       		.byte	0x51
 592 0123 01       		.uleb128 0x1
ARM GAS  C:\Users\LASERC~1\AppData\Local\Temp\ccaGaPJF.s 			page 18


 593 0124 30       		.byte	0x30
 594 0125 0B       		.uleb128 0xb
 595 0126 01       		.uleb128 0x1
 596 0127 52       		.byte	0x52
 597 0128 03       		.uleb128 0x3
 598 0129 F3       		.byte	0xf3
 599 012a 01       		.uleb128 0x1
 600 012b 51       		.byte	0x51
 601 012c 00       		.byte	0
 602 012d 00       		.byte	0
 603 012e 08       		.uleb128 0x8
 604 012f 3C000000 		.4byte	.LASF21
 605 0133 01       		.byte	0x1
 606 0134 A9       		.byte	0xa9
 607 0135 00000000 		.4byte	.LFB5
 608 0139 D8000000 		.4byte	.LFE5-.LFB5
 609 013d 01       		.uleb128 0x1
 610 013e 9C       		.byte	0x9c
 611 013f B1010000 		.4byte	0x1b1
 612 0143 0C       		.uleb128 0xc
 613 0144 0C000000 		.4byte	.LVL3
 614 0148 F7020000 		.4byte	0x2f7
 615 014c 0D       		.uleb128 0xd
 616 014d 12000000 		.4byte	.LVL4
 617 0151 02030000 		.4byte	0x302
 618 0155 63010000 		.4byte	0x163
 619 0159 0B       		.uleb128 0xb
 620 015a 01       		.uleb128 0x1
 621 015b 50       		.byte	0x50
 622 015c 05       		.uleb128 0x5
 623 015d 0C       		.byte	0xc
 624 015e 001BB700 		.4byte	0xb71b00
 625 0162 00       		.byte	0
 626 0163 0D       		.uleb128 0xd
 627 0164 18000000 		.4byte	.LVL5
 628 0168 0D030000 		.4byte	0x30d
 629 016c 76010000 		.4byte	0x176
 630 0170 0B       		.uleb128 0xb
 631 0171 01       		.uleb128 0x1
 632 0172 50       		.byte	0x50
 633 0173 01       		.uleb128 0x1
 634 0174 31       		.byte	0x31
 635 0175 00       		.byte	0
 636 0176 0D       		.uleb128 0xd
 637 0177 1E000000 		.4byte	.LVL6
 638 017b 18030000 		.4byte	0x318
 639 017f 8A010000 		.4byte	0x18a
 640 0183 0B       		.uleb128 0xb
 641 0184 01       		.uleb128 0x1
 642 0185 50       		.byte	0x50
 643 0186 02       		.uleb128 0x2
 644 0187 08       		.byte	0x8
 645 0188 30       		.byte	0x30
 646 0189 00       		.byte	0
 647 018a 0D       		.uleb128 0xd
 648 018b 4E000000 		.4byte	.LVL7
 649 018f 23030000 		.4byte	0x323
ARM GAS  C:\Users\LASERC~1\AppData\Local\Temp\ccaGaPJF.s 			page 19


 650 0193 9F010000 		.4byte	0x19f
 651 0197 0B       		.uleb128 0xb
 652 0198 01       		.uleb128 0x1
 653 0199 50       		.byte	0x50
 654 019a 03       		.uleb128 0x3
 655 019b 0A       		.byte	0xa
 656 019c D007     		.2byte	0x7d0
 657 019e 00       		.byte	0
 658 019f 0A       		.uleb128 0xa
 659 01a0 54000000 		.4byte	.LVL8
 660 01a4 2E030000 		.4byte	0x32e
 661 01a8 0B       		.uleb128 0xb
 662 01a9 01       		.uleb128 0x1
 663 01aa 50       		.byte	0x50
 664 01ab 03       		.uleb128 0x3
 665 01ac 0A       		.byte	0xa
 666 01ad DC05     		.2byte	0x5dc
 667 01af 00       		.byte	0
 668 01b0 00       		.byte	0
 669 01b1 0E       		.uleb128 0xe
 670 01b2 FD000000 		.4byte	.LASF24
 671 01b6 01       		.byte	0x1
 672 01b7 0901     		.2byte	0x109
 673 01b9 00000000 		.4byte	.LFB7
 674 01bd 20000000 		.4byte	.LFE7-.LFB7
 675 01c1 01       		.uleb128 0x1
 676 01c2 9C       		.byte	0x9c
 677 01c3 E6010000 		.4byte	0x1e6
 678 01c7 0F       		.uleb128 0xf
 679 01c8 48020000 		.4byte	.LASF22
 680 01cc 01       		.byte	0x1
 681 01cd 0901     		.2byte	0x109
 682 01cf 8D000000 		.4byte	0x8d
 683 01d3 01       		.uleb128 0x1
 684 01d4 50       		.byte	0x50
 685 01d5 10       		.uleb128 0x10
 686 01d6 B6020000 		.4byte	.LASF29
 687 01da 01       		.byte	0x1
 688 01db 0B01     		.2byte	0x10b
 689 01dd A5000000 		.4byte	0xa5
 690 01e1 4D000000 		.4byte	.LLST2
 691 01e5 00       		.byte	0
 692 01e6 08       		.uleb128 0x8
 693 01e7 1B000000 		.4byte	.LASF23
 694 01eb 01       		.byte	0x1
 695 01ec EE       		.byte	0xee
 696 01ed 00000000 		.4byte	.LFB6
 697 01f1 3C000000 		.4byte	.LFE6-.LFB6
 698 01f5 01       		.uleb128 0x1
 699 01f6 9C       		.byte	0x9c
 700 01f7 0B020000 		.4byte	0x20b
 701 01fb 0A       		.uleb128 0xa
 702 01fc 26000000 		.4byte	.LVL14
 703 0200 B1010000 		.4byte	0x1b1
 704 0204 0B       		.uleb128 0xb
 705 0205 01       		.uleb128 0x1
 706 0206 50       		.byte	0x50
ARM GAS  C:\Users\LASERC~1\AppData\Local\Temp\ccaGaPJF.s 			page 20


 707 0207 01       		.uleb128 0x1
 708 0208 31       		.byte	0x31
 709 0209 00       		.byte	0
 710 020a 00       		.byte	0
 711 020b 0E       		.uleb128 0xe
 712 020c 2F010000 		.4byte	.LASF25
 713 0210 01       		.byte	0x1
 714 0211 2B01     		.2byte	0x12b
 715 0213 D8000000 		.4byte	.LFB8
 716 0217 D4000000 		.4byte	.LFE8-.LFB8
 717 021b 01       		.uleb128 0x1
 718 021c 9C       		.byte	0x9c
 719 021d EE020000 		.4byte	0x2ee
 720 0221 11       		.uleb128 0x11
 721 0222 E2000000 		.4byte	.LBB2
 722 0226 50000000 		.4byte	.LBE2-.LBB2
 723 022a DB020000 		.4byte	0x2db
 724 022e 12       		.uleb128 0x12
 725 022f 06       		.byte	0x6
 726 0230 01       		.byte	0x1
 727 0231 3401     		.2byte	0x134
 728 0233 52020000 		.4byte	0x252
 729 0237 13       		.uleb128 0x13
 730 0238 57010000 		.4byte	.LASF26
 731 023c 01       		.byte	0x1
 732 023d 3501     		.2byte	0x135
 733 023f 84000000 		.4byte	0x84
 734 0243 00       		.byte	0
 735 0244 13       		.uleb128 0x13
 736 0245 60000000 		.4byte	.LASF27
 737 0249 01       		.byte	0x1
 738 024a 3601     		.2byte	0x136
 739 024c 99000000 		.4byte	0x99
 740 0250 04       		.byte	0x4
 741 0251 00       		.byte	0
 742 0252 06       		.uleb128 0x6
 743 0253 04020000 		.4byte	.LASF28
 744 0257 01       		.byte	0x1
 745 0258 3701     		.2byte	0x137
 746 025a 2E020000 		.4byte	0x22e
 747 025e 14       		.uleb128 0x14
 748 025f 6E020000 		.4byte	0x26e
 749 0263 6E020000 		.4byte	0x26e
 750 0267 15       		.uleb128 0x15
 751 0268 7D000000 		.4byte	0x7d
 752 026c 01       		.byte	0x1
 753 026d 00       		.byte	0
 754 026e 16       		.uleb128 0x16
 755 026f 52020000 		.4byte	0x252
 756 0273 17       		.uleb128 0x17
 757 0274 2C000000 		.4byte	.LASF30
 758 0278 01       		.byte	0x1
 759 0279 3901     		.2byte	0x139
 760 027b 85020000 		.4byte	0x285
 761 027f 05       		.uleb128 0x5
 762 0280 03       		.byte	0x3
 763 0281 00000000 		.4byte	cfg_memset_list.4890
ARM GAS  C:\Users\LASERC~1\AppData\Local\Temp\ccaGaPJF.s 			page 21


 764 0285 16       		.uleb128 0x16
 765 0286 5E020000 		.4byte	0x25e
 766 028a 18       		.uleb128 0x18
 767 028b 6900     		.ascii	"i\000"
 768 028d 01       		.byte	0x1
 769 028e 3F01     		.2byte	0x13f
 770 0290 8D000000 		.4byte	0x8d
 771 0294 6B000000 		.4byte	.LLST3
 772 0298 19       		.uleb128 0x19
 773 0299 E6000000 		.4byte	.LBB3
 774 029d 1C000000 		.4byte	.LBE3-.LBB3
 775 02a1 18       		.uleb128 0x18
 776 02a2 6D7300   		.ascii	"ms\000"
 777 02a5 01       		.byte	0x1
 778 02a6 4401     		.2byte	0x144
 779 02a8 B0020000 		.4byte	0x2b0
 780 02ac 95000000 		.4byte	.LLST4
 781 02b0 1A       		.uleb128 0x1a
 782 02b1 04       		.byte	0x4
 783 02b2 6E020000 		.4byte	0x26e
 784 02b6 0A       		.uleb128 0xa
 785 02b7 02010000 		.4byte	.LVL17
 786 02bb E1000000 		.4byte	0xe1
 787 02bf 0B       		.uleb128 0xb
 788 02c0 01       		.uleb128 0x1
 789 02c1 51       		.byte	0x51
 790 02c2 15       		.uleb128 0x15
 791 02c3 74       		.byte	0x74
 792 02c4 00       		.sleb128 0
 793 02c5 31       		.byte	0x31
 794 02c6 24       		.byte	0x24
 795 02c7 74       		.byte	0x74
 796 02c8 00       		.sleb128 0
 797 02c9 22       		.byte	0x22
 798 02ca 31       		.byte	0x31
 799 02cb 24       		.byte	0x24
 800 02cc 03       		.byte	0x3
 801 02cd 04000000 		.4byte	.LANCHOR0+4
 802 02d1 22       		.byte	0x22
 803 02d2 94       		.byte	0x94
 804 02d3 02       		.byte	0x2
 805 02d4 0A       		.byte	0xa
 806 02d5 FFFF     		.2byte	0xffff
 807 02d7 1A       		.byte	0x1a
 808 02d8 00       		.byte	0
 809 02d9 00       		.byte	0
 810 02da 00       		.byte	0
 811 02db 0C       		.uleb128 0xc
 812 02dc 62010000 		.4byte	.LVL20
 813 02e0 2E010000 		.4byte	0x12e
 814 02e4 0C       		.uleb128 0xc
 815 02e5 66010000 		.4byte	.LVL21
 816 02e9 E6010000 		.4byte	0x1e6
 817 02ed 00       		.byte	0
 818 02ee 1B       		.uleb128 0x1b
 819 02ef 21010000 		.4byte	.LASF40
 820 02f3 21010000 		.4byte	.LASF40
ARM GAS  C:\Users\LASERC~1\AppData\Local\Temp\ccaGaPJF.s 			page 22


 821 02f7 1C       		.uleb128 0x1c
 822 02f8 E2000000 		.4byte	.LASF31
 823 02fc E2000000 		.4byte	.LASF31
 824 0300 04       		.byte	0x4
 825 0301 4E       		.byte	0x4e
 826 0302 1C       		.uleb128 0x1c
 827 0303 00000000 		.4byte	.LASF32
 828 0307 00000000 		.4byte	.LASF32
 829 030b 05       		.byte	0x5
 830 030c DC       		.byte	0xdc
 831 030d 1C       		.uleb128 0x1c
 832 030e 65000000 		.4byte	.LASF33
 833 0312 65000000 		.4byte	.LASF33
 834 0316 04       		.byte	0x4
 835 0317 50       		.byte	0x50
 836 0318 1C       		.uleb128 0x1c
 837 0319 5A020000 		.4byte	.LASF34
 838 031d 5A020000 		.4byte	.LASF34
 839 0321 05       		.byte	0x5
 840 0322 6C       		.byte	0x6c
 841 0323 1C       		.uleb128 0x1c
 842 0324 37020000 		.4byte	.LASF35
 843 0328 37020000 		.4byte	.LASF35
 844 032c 05       		.byte	0x5
 845 032d 84       		.byte	0x84
 846 032e 1C       		.uleb128 0x1c
 847 032f 28020000 		.4byte	.LASF36
 848 0333 28020000 		.4byte	.LASF36
 849 0337 05       		.byte	0x5
 850 0338 DA       		.byte	0xda
 851 0339 00       		.byte	0
 852              		.section	.debug_abbrev,"",%progbits
 853              	.Ldebug_abbrev0:
 854 0000 01       		.uleb128 0x1
 855 0001 11       		.uleb128 0x11
 856 0002 01       		.byte	0x1
 857 0003 25       		.uleb128 0x25
 858 0004 0E       		.uleb128 0xe
 859 0005 13       		.uleb128 0x13
 860 0006 0B       		.uleb128 0xb
 861 0007 03       		.uleb128 0x3
 862 0008 0E       		.uleb128 0xe
 863 0009 1B       		.uleb128 0x1b
 864 000a 0E       		.uleb128 0xe
 865 000b 55       		.uleb128 0x55
 866 000c 17       		.uleb128 0x17
 867 000d 11       		.uleb128 0x11
 868 000e 01       		.uleb128 0x1
 869 000f 10       		.uleb128 0x10
 870 0010 17       		.uleb128 0x17
 871 0011 00       		.byte	0
 872 0012 00       		.byte	0
 873 0013 02       		.uleb128 0x2
 874 0014 24       		.uleb128 0x24
 875 0015 00       		.byte	0
 876 0016 0B       		.uleb128 0xb
 877 0017 0B       		.uleb128 0xb
ARM GAS  C:\Users\LASERC~1\AppData\Local\Temp\ccaGaPJF.s 			page 23


 878 0018 3E       		.uleb128 0x3e
 879 0019 0B       		.uleb128 0xb
 880 001a 03       		.uleb128 0x3
 881 001b 08       		.uleb128 0x8
 882 001c 00       		.byte	0
 883 001d 00       		.byte	0
 884 001e 03       		.uleb128 0x3
 885 001f 16       		.uleb128 0x16
 886 0020 00       		.byte	0
 887 0021 03       		.uleb128 0x3
 888 0022 0E       		.uleb128 0xe
 889 0023 3A       		.uleb128 0x3a
 890 0024 0B       		.uleb128 0xb
 891 0025 3B       		.uleb128 0x3b
 892 0026 0B       		.uleb128 0xb
 893 0027 49       		.uleb128 0x49
 894 0028 13       		.uleb128 0x13
 895 0029 00       		.byte	0
 896 002a 00       		.byte	0
 897 002b 04       		.uleb128 0x4
 898 002c 24       		.uleb128 0x24
 899 002d 00       		.byte	0
 900 002e 0B       		.uleb128 0xb
 901 002f 0B       		.uleb128 0xb
 902 0030 3E       		.uleb128 0x3e
 903 0031 0B       		.uleb128 0xb
 904 0032 03       		.uleb128 0x3
 905 0033 0E       		.uleb128 0xe
 906 0034 00       		.byte	0
 907 0035 00       		.byte	0
 908 0036 05       		.uleb128 0x5
 909 0037 0F       		.uleb128 0xf
 910 0038 00       		.byte	0
 911 0039 0B       		.uleb128 0xb
 912 003a 0B       		.uleb128 0xb
 913 003b 00       		.byte	0
 914 003c 00       		.byte	0
 915 003d 06       		.uleb128 0x6
 916 003e 16       		.uleb128 0x16
 917 003f 00       		.byte	0
 918 0040 03       		.uleb128 0x3
 919 0041 0E       		.uleb128 0xe
 920 0042 3A       		.uleb128 0x3a
 921 0043 0B       		.uleb128 0xb
 922 0044 3B       		.uleb128 0x3b
 923 0045 05       		.uleb128 0x5
 924 0046 49       		.uleb128 0x49
 925 0047 13       		.uleb128 0x13
 926 0048 00       		.byte	0
 927 0049 00       		.byte	0
 928 004a 07       		.uleb128 0x7
 929 004b 35       		.uleb128 0x35
 930 004c 00       		.byte	0
 931 004d 49       		.uleb128 0x49
 932 004e 13       		.uleb128 0x13
 933 004f 00       		.byte	0
 934 0050 00       		.byte	0
ARM GAS  C:\Users\LASERC~1\AppData\Local\Temp\ccaGaPJF.s 			page 24


 935 0051 08       		.uleb128 0x8
 936 0052 2E       		.uleb128 0x2e
 937 0053 01       		.byte	0x1
 938 0054 03       		.uleb128 0x3
 939 0055 0E       		.uleb128 0xe
 940 0056 3A       		.uleb128 0x3a
 941 0057 0B       		.uleb128 0xb
 942 0058 3B       		.uleb128 0x3b
 943 0059 0B       		.uleb128 0xb
 944 005a 27       		.uleb128 0x27
 945 005b 19       		.uleb128 0x19
 946 005c 11       		.uleb128 0x11
 947 005d 01       		.uleb128 0x1
 948 005e 12       		.uleb128 0x12
 949 005f 06       		.uleb128 0x6
 950 0060 40       		.uleb128 0x40
 951 0061 18       		.uleb128 0x18
 952 0062 9742     		.uleb128 0x2117
 953 0064 19       		.uleb128 0x19
 954 0065 01       		.uleb128 0x1
 955 0066 13       		.uleb128 0x13
 956 0067 00       		.byte	0
 957 0068 00       		.byte	0
 958 0069 09       		.uleb128 0x9
 959 006a 05       		.uleb128 0x5
 960 006b 00       		.byte	0
 961 006c 03       		.uleb128 0x3
 962 006d 08       		.uleb128 0x8
 963 006e 3A       		.uleb128 0x3a
 964 006f 0B       		.uleb128 0xb
 965 0070 3B       		.uleb128 0x3b
 966 0071 0B       		.uleb128 0xb
 967 0072 49       		.uleb128 0x49
 968 0073 13       		.uleb128 0x13
 969 0074 02       		.uleb128 0x2
 970 0075 17       		.uleb128 0x17
 971 0076 00       		.byte	0
 972 0077 00       		.byte	0
 973 0078 0A       		.uleb128 0xa
 974 0079 898201   		.uleb128 0x4109
 975 007c 01       		.byte	0x1
 976 007d 11       		.uleb128 0x11
 977 007e 01       		.uleb128 0x1
 978 007f 31       		.uleb128 0x31
 979 0080 13       		.uleb128 0x13
 980 0081 00       		.byte	0
 981 0082 00       		.byte	0
 982 0083 0B       		.uleb128 0xb
 983 0084 8A8201   		.uleb128 0x410a
 984 0087 00       		.byte	0
 985 0088 02       		.uleb128 0x2
 986 0089 18       		.uleb128 0x18
 987 008a 9142     		.uleb128 0x2111
 988 008c 18       		.uleb128 0x18
 989 008d 00       		.byte	0
 990 008e 00       		.byte	0
 991 008f 0C       		.uleb128 0xc
ARM GAS  C:\Users\LASERC~1\AppData\Local\Temp\ccaGaPJF.s 			page 25


 992 0090 898201   		.uleb128 0x4109
 993 0093 00       		.byte	0
 994 0094 11       		.uleb128 0x11
 995 0095 01       		.uleb128 0x1
 996 0096 31       		.uleb128 0x31
 997 0097 13       		.uleb128 0x13
 998 0098 00       		.byte	0
 999 0099 00       		.byte	0
 1000 009a 0D       		.uleb128 0xd
 1001 009b 898201   		.uleb128 0x4109
 1002 009e 01       		.byte	0x1
 1003 009f 11       		.uleb128 0x11
 1004 00a0 01       		.uleb128 0x1
 1005 00a1 31       		.uleb128 0x31
 1006 00a2 13       		.uleb128 0x13
 1007 00a3 01       		.uleb128 0x1
 1008 00a4 13       		.uleb128 0x13
 1009 00a5 00       		.byte	0
 1010 00a6 00       		.byte	0
 1011 00a7 0E       		.uleb128 0xe
 1012 00a8 2E       		.uleb128 0x2e
 1013 00a9 01       		.byte	0x1
 1014 00aa 3F       		.uleb128 0x3f
 1015 00ab 19       		.uleb128 0x19
 1016 00ac 03       		.uleb128 0x3
 1017 00ad 0E       		.uleb128 0xe
 1018 00ae 3A       		.uleb128 0x3a
 1019 00af 0B       		.uleb128 0xb
 1020 00b0 3B       		.uleb128 0x3b
 1021 00b1 05       		.uleb128 0x5
 1022 00b2 27       		.uleb128 0x27
 1023 00b3 19       		.uleb128 0x19
 1024 00b4 11       		.uleb128 0x11
 1025 00b5 01       		.uleb128 0x1
 1026 00b6 12       		.uleb128 0x12
 1027 00b7 06       		.uleb128 0x6
 1028 00b8 40       		.uleb128 0x40
 1029 00b9 18       		.uleb128 0x18
 1030 00ba 9742     		.uleb128 0x2117
 1031 00bc 19       		.uleb128 0x19
 1032 00bd 01       		.uleb128 0x1
 1033 00be 13       		.uleb128 0x13
 1034 00bf 00       		.byte	0
 1035 00c0 00       		.byte	0
 1036 00c1 0F       		.uleb128 0xf
 1037 00c2 05       		.uleb128 0x5
 1038 00c3 00       		.byte	0
 1039 00c4 03       		.uleb128 0x3
 1040 00c5 0E       		.uleb128 0xe
 1041 00c6 3A       		.uleb128 0x3a
 1042 00c7 0B       		.uleb128 0xb
 1043 00c8 3B       		.uleb128 0x3b
 1044 00c9 05       		.uleb128 0x5
 1045 00ca 49       		.uleb128 0x49
 1046 00cb 13       		.uleb128 0x13
 1047 00cc 02       		.uleb128 0x2
 1048 00cd 18       		.uleb128 0x18
ARM GAS  C:\Users\LASERC~1\AppData\Local\Temp\ccaGaPJF.s 			page 26


 1049 00ce 00       		.byte	0
 1050 00cf 00       		.byte	0
 1051 00d0 10       		.uleb128 0x10
 1052 00d1 34       		.uleb128 0x34
 1053 00d2 00       		.byte	0
 1054 00d3 03       		.uleb128 0x3
 1055 00d4 0E       		.uleb128 0xe
 1056 00d5 3A       		.uleb128 0x3a
 1057 00d6 0B       		.uleb128 0xb
 1058 00d7 3B       		.uleb128 0x3b
 1059 00d8 05       		.uleb128 0x5
 1060 00d9 49       		.uleb128 0x49
 1061 00da 13       		.uleb128 0x13
 1062 00db 02       		.uleb128 0x2
 1063 00dc 17       		.uleb128 0x17
 1064 00dd 00       		.byte	0
 1065 00de 00       		.byte	0
 1066 00df 11       		.uleb128 0x11
 1067 00e0 0B       		.uleb128 0xb
 1068 00e1 01       		.byte	0x1
 1069 00e2 11       		.uleb128 0x11
 1070 00e3 01       		.uleb128 0x1
 1071 00e4 12       		.uleb128 0x12
 1072 00e5 06       		.uleb128 0x6
 1073 00e6 01       		.uleb128 0x1
 1074 00e7 13       		.uleb128 0x13
 1075 00e8 00       		.byte	0
 1076 00e9 00       		.byte	0
 1077 00ea 12       		.uleb128 0x12
 1078 00eb 13       		.uleb128 0x13
 1079 00ec 01       		.byte	0x1
 1080 00ed 0B       		.uleb128 0xb
 1081 00ee 0B       		.uleb128 0xb
 1082 00ef 3A       		.uleb128 0x3a
 1083 00f0 0B       		.uleb128 0xb
 1084 00f1 3B       		.uleb128 0x3b
 1085 00f2 05       		.uleb128 0x5
 1086 00f3 01       		.uleb128 0x1
 1087 00f4 13       		.uleb128 0x13
 1088 00f5 00       		.byte	0
 1089 00f6 00       		.byte	0
 1090 00f7 13       		.uleb128 0x13
 1091 00f8 0D       		.uleb128 0xd
 1092 00f9 00       		.byte	0
 1093 00fa 03       		.uleb128 0x3
 1094 00fb 0E       		.uleb128 0xe
 1095 00fc 3A       		.uleb128 0x3a
 1096 00fd 0B       		.uleb128 0xb
 1097 00fe 3B       		.uleb128 0x3b
 1098 00ff 05       		.uleb128 0x5
 1099 0100 49       		.uleb128 0x49
 1100 0101 13       		.uleb128 0x13
 1101 0102 38       		.uleb128 0x38
 1102 0103 0B       		.uleb128 0xb
 1103 0104 00       		.byte	0
 1104 0105 00       		.byte	0
 1105 0106 14       		.uleb128 0x14
ARM GAS  C:\Users\LASERC~1\AppData\Local\Temp\ccaGaPJF.s 			page 27


 1106 0107 01       		.uleb128 0x1
 1107 0108 01       		.byte	0x1
 1108 0109 49       		.uleb128 0x49
 1109 010a 13       		.uleb128 0x13
 1110 010b 01       		.uleb128 0x1
 1111 010c 13       		.uleb128 0x13
 1112 010d 00       		.byte	0
 1113 010e 00       		.byte	0
 1114 010f 15       		.uleb128 0x15
 1115 0110 21       		.uleb128 0x21
 1116 0111 00       		.byte	0
 1117 0112 49       		.uleb128 0x49
 1118 0113 13       		.uleb128 0x13
 1119 0114 2F       		.uleb128 0x2f
 1120 0115 0B       		.uleb128 0xb
 1121 0116 00       		.byte	0
 1122 0117 00       		.byte	0
 1123 0118 16       		.uleb128 0x16
 1124 0119 26       		.uleb128 0x26
 1125 011a 00       		.byte	0
 1126 011b 49       		.uleb128 0x49
 1127 011c 13       		.uleb128 0x13
 1128 011d 00       		.byte	0
 1129 011e 00       		.byte	0
 1130 011f 17       		.uleb128 0x17
 1131 0120 34       		.uleb128 0x34
 1132 0121 00       		.byte	0
 1133 0122 03       		.uleb128 0x3
 1134 0123 0E       		.uleb128 0xe
 1135 0124 3A       		.uleb128 0x3a
 1136 0125 0B       		.uleb128 0xb
 1137 0126 3B       		.uleb128 0x3b
 1138 0127 05       		.uleb128 0x5
 1139 0128 49       		.uleb128 0x49
 1140 0129 13       		.uleb128 0x13
 1141 012a 02       		.uleb128 0x2
 1142 012b 18       		.uleb128 0x18
 1143 012c 00       		.byte	0
 1144 012d 00       		.byte	0
 1145 012e 18       		.uleb128 0x18
 1146 012f 34       		.uleb128 0x34
 1147 0130 00       		.byte	0
 1148 0131 03       		.uleb128 0x3
 1149 0132 08       		.uleb128 0x8
 1150 0133 3A       		.uleb128 0x3a
 1151 0134 0B       		.uleb128 0xb
 1152 0135 3B       		.uleb128 0x3b
 1153 0136 05       		.uleb128 0x5
 1154 0137 49       		.uleb128 0x49
 1155 0138 13       		.uleb128 0x13
 1156 0139 02       		.uleb128 0x2
 1157 013a 17       		.uleb128 0x17
 1158 013b 00       		.byte	0
 1159 013c 00       		.byte	0
 1160 013d 19       		.uleb128 0x19
 1161 013e 0B       		.uleb128 0xb
 1162 013f 01       		.byte	0x1
ARM GAS  C:\Users\LASERC~1\AppData\Local\Temp\ccaGaPJF.s 			page 28


 1163 0140 11       		.uleb128 0x11
 1164 0141 01       		.uleb128 0x1
 1165 0142 12       		.uleb128 0x12
 1166 0143 06       		.uleb128 0x6
 1167 0144 00       		.byte	0
 1168 0145 00       		.byte	0
 1169 0146 1A       		.uleb128 0x1a
 1170 0147 0F       		.uleb128 0xf
 1171 0148 00       		.byte	0
 1172 0149 0B       		.uleb128 0xb
 1173 014a 0B       		.uleb128 0xb
 1174 014b 49       		.uleb128 0x49
 1175 014c 13       		.uleb128 0x13
 1176 014d 00       		.byte	0
 1177 014e 00       		.byte	0
 1178 014f 1B       		.uleb128 0x1b
 1179 0150 2E       		.uleb128 0x2e
 1180 0151 00       		.byte	0
 1181 0152 3F       		.uleb128 0x3f
 1182 0153 19       		.uleb128 0x19
 1183 0154 3C       		.uleb128 0x3c
 1184 0155 19       		.uleb128 0x19
 1185 0156 6E       		.uleb128 0x6e
 1186 0157 0E       		.uleb128 0xe
 1187 0158 03       		.uleb128 0x3
 1188 0159 0E       		.uleb128 0xe
 1189 015a 00       		.byte	0
 1190 015b 00       		.byte	0
 1191 015c 1C       		.uleb128 0x1c
 1192 015d 2E       		.uleb128 0x2e
 1193 015e 00       		.byte	0
 1194 015f 3F       		.uleb128 0x3f
 1195 0160 19       		.uleb128 0x19
 1196 0161 3C       		.uleb128 0x3c
 1197 0162 19       		.uleb128 0x19
 1198 0163 6E       		.uleb128 0x6e
 1199 0164 0E       		.uleb128 0xe
 1200 0165 03       		.uleb128 0x3
 1201 0166 0E       		.uleb128 0xe
 1202 0167 3A       		.uleb128 0x3a
 1203 0168 0B       		.uleb128 0xb
 1204 0169 3B       		.uleb128 0x3b
 1205 016a 0B       		.uleb128 0xb
 1206 016b 00       		.byte	0
 1207 016c 00       		.byte	0
 1208 016d 00       		.byte	0
 1209              		.section	.debug_loc,"",%progbits
 1210              	.Ldebug_loc0:
 1211              	.LLST0:
 1212 0000 00000000 		.4byte	.LVL0
 1213 0004 09000000 		.4byte	.LVL2-1
 1214 0008 0100     		.2byte	0x1
 1215 000a 50       		.byte	0x50
 1216 000b 09000000 		.4byte	.LVL2-1
 1217 000f 0C000000 		.4byte	.LFE2
 1218 0013 0400     		.2byte	0x4
 1219 0015 F3       		.byte	0xf3
ARM GAS  C:\Users\LASERC~1\AppData\Local\Temp\ccaGaPJF.s 			page 29


 1220 0016 01       		.uleb128 0x1
 1221 0017 50       		.byte	0x50
 1222 0018 9F       		.byte	0x9f
 1223 0019 00000000 		.4byte	0
 1224 001d 00000000 		.4byte	0
 1225              	.LLST1:
 1226 0021 00000000 		.4byte	.LVL0
 1227 0025 06000000 		.4byte	.LVL1
 1228 0029 0100     		.2byte	0x1
 1229 002b 51       		.byte	0x51
 1230 002c 06000000 		.4byte	.LVL1
 1231 0030 09000000 		.4byte	.LVL2-1
 1232 0034 0100     		.2byte	0x1
 1233 0036 52       		.byte	0x52
 1234 0037 09000000 		.4byte	.LVL2-1
 1235 003b 0C000000 		.4byte	.LFE2
 1236 003f 0400     		.2byte	0x4
 1237 0041 F3       		.byte	0xf3
 1238 0042 01       		.uleb128 0x1
 1239 0043 51       		.byte	0x51
 1240 0044 9F       		.byte	0x9f
 1241 0045 00000000 		.4byte	0
 1242 0049 00000000 		.4byte	0
 1243              	.LLST2:
 1244 004d 04000000 		.4byte	.LVL10
 1245 0051 12000000 		.4byte	.LVL12
 1246 0055 0100     		.2byte	0x1
 1247 0057 53       		.byte	0x53
 1248 0058 14000000 		.4byte	.LVL13
 1249 005c 20000000 		.4byte	.LFE7
 1250 0060 0100     		.2byte	0x1
 1251 0062 53       		.byte	0x53
 1252 0063 00000000 		.4byte	0
 1253 0067 00000000 		.4byte	0
 1254              	.LLST3:
 1255 006b E2000000 		.4byte	.LVL15
 1256 006f E6000000 		.4byte	.LVL16
 1257 0073 0200     		.2byte	0x2
 1258 0075 30       		.byte	0x30
 1259 0076 9F       		.byte	0x9f
 1260 0077 E6000000 		.4byte	.LVL16
 1261 007b 04010000 		.4byte	.LVL18
 1262 007f 0100     		.2byte	0x1
 1263 0081 54       		.byte	0x54
 1264 0082 06010000 		.4byte	.LVL19
 1265 0086 66010000 		.4byte	.LVL22
 1266 008a 0100     		.2byte	0x1
 1267 008c 54       		.byte	0x54
 1268 008d 00000000 		.4byte	0
 1269 0091 00000000 		.4byte	0
 1270              	.LLST4:
 1271 0095 E6000000 		.4byte	.LVL16
 1272 0099 04010000 		.4byte	.LVL18
 1273 009d 0B00     		.2byte	0xb
 1274 009f 74       		.byte	0x74
 1275 00a0 00       		.sleb128 0
 1276 00a1 36       		.byte	0x36
ARM GAS  C:\Users\LASERC~1\AppData\Local\Temp\ccaGaPJF.s 			page 30


 1277 00a2 1E       		.byte	0x1e
 1278 00a3 03       		.byte	0x3
 1279 00a4 00000000 		.4byte	cfg_memset_list.4890
 1280 00a8 22       		.byte	0x22
 1281 00a9 9F       		.byte	0x9f
 1282 00aa 04010000 		.4byte	.LVL18
 1283 00ae 06010000 		.4byte	.LVL19
 1284 00b2 0B00     		.2byte	0xb
 1285 00b4 74       		.byte	0x74
 1286 00b5 7F       		.sleb128 -1
 1287 00b6 36       		.byte	0x36
 1288 00b7 1E       		.byte	0x1e
 1289 00b8 03       		.byte	0x3
 1290 00b9 00000000 		.4byte	cfg_memset_list.4890
 1291 00bd 22       		.byte	0x22
 1292 00be 9F       		.byte	0x9f
 1293 00bf 00000000 		.4byte	0
 1294 00c3 00000000 		.4byte	0
 1295              		.section	.debug_aranges,"",%progbits
 1296 0000 3C000000 		.4byte	0x3c
 1297 0004 0200     		.2byte	0x2
 1298 0006 00000000 		.4byte	.Ldebug_info0
 1299 000a 04       		.byte	0x4
 1300 000b 00       		.byte	0
 1301 000c 0000     		.2byte	0
 1302 000e 0000     		.2byte	0
 1303 0010 00000000 		.4byte	.LFB2
 1304 0014 0C000000 		.4byte	.LFE2-.LFB2
 1305 0018 00000000 		.4byte	.LFB5
 1306 001c D8000000 		.4byte	.LFE5-.LFB5
 1307 0020 00000000 		.4byte	.LFB7
 1308 0024 20000000 		.4byte	.LFE7-.LFB7
 1309 0028 00000000 		.4byte	.LFB6
 1310 002c 3C000000 		.4byte	.LFE6-.LFB6
 1311 0030 D8000000 		.4byte	.LFB8
 1312 0034 D4000000 		.4byte	.LFE8-.LFB8
 1313 0038 00000000 		.4byte	0
 1314 003c 00000000 		.4byte	0
 1315              		.section	.debug_ranges,"",%progbits
 1316              	.Ldebug_ranges0:
 1317 0000 00000000 		.4byte	.LFB2
 1318 0004 0C000000 		.4byte	.LFE2
 1319 0008 00000000 		.4byte	.LFB5
 1320 000c D8000000 		.4byte	.LFE5
 1321 0010 00000000 		.4byte	.LFB7
 1322 0014 20000000 		.4byte	.LFE7
 1323 0018 00000000 		.4byte	.LFB6
 1324 001c 3C000000 		.4byte	.LFE6
 1325 0020 D8000000 		.4byte	.LFB8
 1326 0024 AC010000 		.4byte	.LFE8
 1327 0028 00000000 		.4byte	0
 1328 002c 00000000 		.4byte	0
 1329              		.section	.debug_line,"",%progbits
 1330              	.Ldebug_line0:
 1331 0000 7B010000 		.section	.debug_str,"MS",%progbits,1
 1331      0200E300 
 1331      00000201 
ARM GAS  C:\Users\LASERC~1\AppData\Local\Temp\ccaGaPJF.s 			page 31


 1331      FB0E0D00 
 1331      01010101 
 1332              	.LASF32:
 1333 0000 43794465 		.ascii	"CyDelayCycles\000"
 1333      6C617943 
 1333      79636C65 
 1333      7300
 1334              	.LASF19:
 1335 000e 72656733 		.ascii	"reg32\000"
 1335      3200
 1336              	.LASF12:
 1337 0014 73697A65 		.ascii	"size_t\000"
 1337      5F7400
 1338              	.LASF23:
 1339 001b 416E616C 		.ascii	"AnalogSetDefault\000"
 1339      6F675365 
 1339      74446566 
 1339      61756C74 
 1339      00
 1340              	.LASF30:
 1341 002c 6366675F 		.ascii	"cfg_memset_list\000"
 1341      6D656D73 
 1341      65745F6C 
 1341      69737400 
 1342              	.LASF21:
 1343 003c 436C6F63 		.ascii	"ClockSetup\000"
 1343      6B536574 
 1343      757000
 1344              	.LASF6:
 1345 0047 73686F72 		.ascii	"short unsigned int\000"
 1345      7420756E 
 1345      7369676E 
 1345      65642069 
 1345      6E7400
 1346              	.LASF16:
 1347 005a 666C6F61 		.ascii	"float\000"
 1347      7400
 1348              	.LASF27:
 1349 0060 73697A65 		.ascii	"size\000"
 1349      00
 1350              	.LASF33:
 1351 0065 43795379 		.ascii	"CySysClkWcoSetPowerMode\000"
 1351      73436C6B 
 1351      57636F53 
 1351      6574506F 
 1351      7765724D 
 1352              	.LASF18:
 1353 007d 72656738 		.ascii	"reg8\000"
 1353      00
 1354              	.LASF8:
 1355 0082 6C6F6E67 		.ascii	"long unsigned int\000"
 1355      20756E73 
 1355      69676E65 
 1355      6420696E 
 1355      7400
 1356              	.LASF13:
 1357 0094 75696E74 		.ascii	"uint8\000"
ARM GAS  C:\Users\LASERC~1\AppData\Local\Temp\ccaGaPJF.s 			page 32


 1357      3800
 1358              	.LASF39:
 1359 009a 433A5C55 		.ascii	"C:\\Users\\laser cutter\\Documents\\PSoC Creator\\2"
 1359      73657273 
 1359      5C6C6173 
 1359      65722063 
 1359      75747465 
 1360 00c8 31343030 		.ascii	"14009.cydsn\\BLETest.cydsn\000"
 1360      392E6379 
 1360      64736E5C 
 1360      424C4554 
 1360      6573742E 
 1361              	.LASF31:
 1362 00e2 43795379 		.ascii	"CySysClkWcoStart\000"
 1362      73436C6B 
 1362      57636F53 
 1362      74617274 
 1362      00
 1363              	.LASF20:
 1364 00f3 43594D45 		.ascii	"CYMEMZERO\000"
 1364      4D5A4552 
 1364      4F00
 1365              	.LASF24:
 1366 00fd 53657441 		.ascii	"SetAnalogRoutingPumps\000"
 1366      6E616C6F 
 1366      67526F75 
 1366      74696E67 
 1366      50756D70 
 1367              	.LASF4:
 1368 0113 756E7369 		.ascii	"unsigned char\000"
 1368      676E6564 
 1368      20636861 
 1368      7200
 1369              	.LASF40:
 1370 0121 6D656D73 		.ascii	"memset\000"
 1370      657400
 1371              	.LASF17:
 1372 0128 646F7562 		.ascii	"double\000"
 1372      6C6500
 1373              	.LASF25:
 1374 012f 63796669 		.ascii	"cyfitter_cfg\000"
 1374      74746572 
 1374      5F636667 
 1374      00
 1375              	.LASF14:
 1376 013c 75696E74 		.ascii	"uint16\000"
 1376      313600
 1377              	.LASF15:
 1378 0143 75696E74 		.ascii	"uint32\000"
 1378      333200
 1379              	.LASF0:
 1380 014a 756E7369 		.ascii	"unsigned int\000"
 1380      676E6564 
 1380      20696E74 
 1380      00
 1381              	.LASF26:
 1382 0157 61646472 		.ascii	"address\000"
ARM GAS  C:\Users\LASERC~1\AppData\Local\Temp\ccaGaPJF.s 			page 33


 1382      65737300 
 1383              	.LASF9:
 1384 015f 6C6F6E67 		.ascii	"long long unsigned int\000"
 1384      206C6F6E 
 1384      6720756E 
 1384      7369676E 
 1384      65642069 
 1385              	.LASF37:
 1386 0176 474E5520 		.ascii	"GNU C11 5.4.1 20160609 (release) [ARM/embedded-5-br"
 1386      43313120 
 1386      352E342E 
 1386      31203230 
 1386      31363036 
 1387 01a9 616E6368 		.ascii	"anch revision 237715] -mcpu=cortex-m0 -mthumb -g -O"
 1387      20726576 
 1387      6973696F 
 1387      6E203233 
 1387      37373135 
 1388 01dc 67202D66 		.ascii	"g -ffunction-sections -ffat-lto-objects\000"
 1388      66756E63 
 1388      74696F6E 
 1388      2D736563 
 1388      74696F6E 
 1389              	.LASF28:
 1390 0204 6366675F 		.ascii	"cfg_memset_t\000"
 1390      6D656D73 
 1390      65745F74 
 1390      00
 1391              	.LASF10:
 1392 0211 73697A65 		.ascii	"sizetype\000"
 1392      74797065 
 1392      00
 1393              	.LASF1:
 1394 021a 6C6F6E67 		.ascii	"long long int\000"
 1394      206C6F6E 
 1394      6720696E 
 1394      7400
 1395              	.LASF36:
 1396 0228 43794465 		.ascii	"CyDelayUs\000"
 1396      6C617955 
 1396      7300
 1397              	.LASF11:
 1398 0232 63686172 		.ascii	"char\000"
 1398      00
 1399              	.LASF35:
 1400 0237 43795379 		.ascii	"CySysClkEcoStart\000"
 1400      73436C6B 
 1400      45636F53 
 1400      74617274 
 1400      00
 1401              	.LASF22:
 1402 0248 656E6162 		.ascii	"enabled\000"
 1402      6C656400 
 1403              	.LASF5:
 1404 0250 73686F72 		.ascii	"short int\000"
 1404      7420696E 
 1404      7400
ARM GAS  C:\Users\LASERC~1\AppData\Local\Temp\ccaGaPJF.s 			page 34


 1405              	.LASF34:
 1406 025a 43795379 		.ascii	"CySysClkWriteImoFreq\000"
 1406      73436C6B 
 1406      57726974 
 1406      65496D6F 
 1406      46726571 
 1407              	.LASF7:
 1408 026f 6C6F6E67 		.ascii	"long int\000"
 1408      20696E74 
 1408      00
 1409              	.LASF2:
 1410 0278 6C6F6E67 		.ascii	"long double\000"
 1410      20646F75 
 1410      626C6500 
 1411              	.LASF3:
 1412 0284 7369676E 		.ascii	"signed char\000"
 1412      65642063 
 1412      68617200 
 1413              	.LASF38:
 1414 0290 47656E65 		.ascii	"Generated_Source\\PSoC4\\cyfitter_cfg.c\000"
 1414      72617465 
 1414      645F536F 
 1414      75726365 
 1414      5C50536F 
 1415              	.LASF29:
 1416 02b6 72656756 		.ascii	"regValue\000"
 1416      616C7565 
 1416      00
 1417              		.ident	"GCC: (GNU Tools for ARM Embedded Processors) 5.4.1 20160609 (release) [ARM/embedded-5-bran
